--------- beginning of system
04-17 13:11:03.169   637  2430 W ActivityManager: Background start not allowed: service Intent { act=com.google.android.gms.common.broadcast.DELIVER_BROADCAST cat=[targeted_intent_op_prefix:.common.broadcast.BackgroundBroadcastReceiverSupport$PersistentReceiverIntentOperation] cmp=com.google.android.gms/.chimera.PersistentIntentOperationService (has extras) } to com.google.android.gms/.chimera.PersistentIntentOperationService from pid=18229 uid=10204 pkg=com.google.android.gms startFg?=false
04-17 13:11:03.221   637  1028 I ActivityManager: Process com.google.android.gms.persistent (pid 18229) has died: fore SVC 
--------- beginning of main
04-17 13:11:03.222   349   349 I Zygote  : Process 18229 exited due to signal 9 (Killed)
04-17 13:11:03.222   637   658 W libprocessgroup: kill(-18229, 9) failed: No such process
04-17 13:11:03.222   637   658 I libprocessgroup: Successfully killed process cgroup uid 10204 pid 18229 in 0ms
04-17 13:11:03.223   637  1028 W ActivityManager: Scheduling restart of crashed service com.google.android.gms/.chimera.PersistentDirectBootAwareApiService in 4000ms
04-17 13:11:03.223   637  1028 W ActivityManager: Scheduling restart of crashed service com.google.android.gms/.chimera.PersistentApiService in 44000ms
04-17 13:11:03.255   914   914 E ...ultipleAccountsLogic: No account mapping found for any account, returning null
04-17 13:11:03.255   914   914 W BSTN_MapClient: empty account, retry in 1000
04-17 13:11:03.529 18266 18266 D AndroidRuntime: >>>>>> START com.android.internal.os.RuntimeInit uid 2000 <<<<<<
04-17 13:11:03.642 18266 18266 I app_process: The ClassLoaderContext is a special shared library.
04-17 13:11:03.642 18266 18269 I app_process: Bumping SignalCatcher priority from 5 to 10
04-17 13:11:03.685 18266 18266 D AmazonDisplayManagerGlobal: Successfully loaded all classes
04-17 13:11:03.685 18266 18266 D AmazonDisplayManagerGlobal: Successfully loaded all fields
04-17 13:11:03.713 18266 18266 D AndroidRuntime: Calling main entry com.android.commands.monkey.Monkey
04-17 13:11:03.715 18266 18266 W Monkey  : args: [-p, com.bonsai.workspace, -c, android.intent.category.LAUNCHER, 1]
04-17 13:11:03.716 18266 18266 W Monkey  :  arg: "-p"
04-17 13:11:03.716 18266 18266 W Monkey  :  arg: "com.bonsai.workspace"
04-17 13:11:03.716 18266 18266 W Monkey  :  arg: "-c"
04-17 13:11:03.716 18266 18266 W Monkey  :  arg: "android.intent.category.LAUNCHER"
04-17 13:11:03.716 18266 18266 W Monkey  :  arg: "1"
04-17 13:11:03.716 18266 18266 W Monkey  : data="com.bonsai.workspace"
04-17 13:11:03.717 18266 18266 W Monkey  : data="android.intent.category.LAUNCHER"
04-17 13:11:03.743   637   655 W BroadcastQueue: Skipping deliver [background] BroadcastRecord{52d7f82 u-1 android.net.conn.CONNECTIVITY_CHANGE} to ReceiverList{1c51693 18266 (unknown name)/2000/u-1 remote:dd15864}: process gone or crashing
04-17 13:11:03.755   637  1028 I ActivityManager: START u0 {act=android.intent.action.MAIN cat=[android.intent.category.LAUNCHER] flg=0x10200000 cmp=com.bonsai.workspace/.MainActivity} from uid 2000
04-17 13:11:03.755   385   427 I vendor.mediatek.hardware.power@2.0-impl: powerHintAsync hint:2, data:200
04-17 13:11:03.756   637  1028 W Binder  : Outgoing transactions from this process must be FLAG_ONEWAY
04-17 13:11:03.756   637  1028 W Binder  : java.lang.Throwable
04-17 13:11:03.756   637  1028 W Binder  : 	at android.os.BinderProxy.transact(Binder.java:1116)
04-17 13:11:03.756   637  1028 W Binder  : 	at android.app.IActivityController$Stub$Proxy.activityStarting(IActivityController.java:176)
04-17 13:11:03.756   637  1028 W Binder  : 	at com.android.server.am.ActivityStarter.startActivity(ActivityStarter.java:758)
04-17 13:11:03.756   637  1028 W Binder  : 	at com.android.server.am.ActivityStarter.startActivity(ActivityStarter.java:556)
04-17 13:11:03.756   637  1028 W Binder  : 	at com.android.server.am.ActivityStarter.startActivityMayWait(ActivityStarter.java:1139)
04-17 13:11:03.756   637  1028 W Binder  : 	at com.android.server.am.ActivityStarter.execute(ActivityStarter.java:497)
04-17 13:11:03.756   637  1028 W Binder  : 	at com.android.server.am.ActivityManagerService.startActivityAsUser(ActivityManagerService.java:5232)
04-17 13:11:03.756   637  1028 W Binder  : 	at com.android.server.am.ActivityManagerService.startActivityAsUser(ActivityManagerService.java:5201)
04-17 13:11:03.756   637  1028 W Binder  : 	at com.android.server.am.ActivityManagerService.startActivity(ActivityManagerService.java:5192)
04-17 13:11:03.756   637  1028 W Binder  : 	at android.app.IActivityManager$Stub.onTransact$startActivity$(IActivityManager.java:10085)
04-17 13:11:03.756   637  1028 W Binder  : 	at android.app.IActivityManager$Stub.onTransact(IActivityManager.java:122)
04-17 13:11:03.756   637  1028 W Binder  : 	at com.android.server.am.ActivityManagerService.onTransact(ActivityManagerService.java:3357)
04-17 13:11:03.756   637  1028 W Binder  : 	at android.os.Binder.execTransact(Binder.java:731)
04-17 13:11:03.757   385   426 I libPowerHal: 2: legacy set freq: 1989000 -1 1989000 -1
04-17 13:11:03.757   385   427 I vendor.mediatek.hardware.power@2.0-impl: powerHintAsync hint:8, data:1
04-17 13:11:03.759   637  1028 W Process : Unable to open /proc/0/status
04-17 13:11:03.760   385   427 I vendor.mediatek.hardware.power@2.0-impl: powerHintAsync hint:8, data:0
04-17 13:11:03.762 18266 18266 I Monkey  : Events injected: 1
04-17 13:11:03.764   637   637 V SettingsProvider: Notifying for 0: content://settings/system/accelerometer_rotation
04-17 13:11:03.769   637   656 I AlexaModeSwitchManagerImpl: Inside getMode
04-17 13:11:03.779   637   656 I AlexaModeSwitchManagerImpl: Inside getMode
04-17 13:11:03.781 18276 18276 I onsai.workspac: Late-enabling -Xcheck:jni
04-17 13:11:03.787   637   656 I AlexaModeSwitchManagerImpl: Inside getMode
04-17 13:11:03.768   637   637 V SettingsProvider: Notifying for 0: content://settings/system/accelerometer_rotation
04-17 13:11:03.793   637   657 I ActivityManager: Start proc 18276:com.bonsai.workspace/u0a229 for activity com.bonsai.workspace/.MainActivity
04-17 13:11:03.795 18266 18266 I Monkey  : ## Network stats: elapsed time=24ms (0ms mobile, 0ms wifi, 24ms not connected)
04-17 13:11:03.797 18266 18266 I app_process: System.exit called, status: 0
04-17 13:11:03.797 18266 18266 I AndroidRuntime: VM exiting with result code 0.
04-17 13:11:03.802   637   790 W Eve     : MEMORY_LEVEL: [18229,0][18194,0]
04-17 13:11:03.802   637   790 W Eve     :   top=com.bonsai.workspace/.MainActivity launching=true
04-17 13:11:03.802   637   790 W Eve     :   prev=com.bonsai.workspace/.MainActivity screen_on=false thermal=0
04-17 13:11:03.802   637   790 W Eve     :   adb=true downloading=false gamemode=true
04-17 13:11:03.802   637   790 W Eve     :   memory=0 trim=0 available=1162676KB free=347772KB
04-17 13:11:03.805   637   656 I AlexaModeSwitchManagerImpl: Inside getMode
04-17 13:11:03.806   637   656 I chatty  : uid=1000(system) android.ui identical 1 line
04-17 13:11:03.807   637   656 I AlexaModeSwitchManagerImpl: Inside getMode
04-17 13:11:03.815 18276 18283 I onsai.workspac: Bumping SignalCatcher priority from 5 to 10
04-17 13:11:03.836   637  2445 I AlexaModeSwitchManagerImpl: Inside getMode
04-17 13:11:03.843   637   775 W AmazonProfileService: Active profile for the package xxx not present for customer Id xxx
04-17 13:11:03.843   637   775 W AmazonProfileService: Active profile for the programId PCA_FIRE_TABLET not present for customerId xxx
04-17 13:11:03.847   637   663 E AmazonProfileService: Active profile has not been set
04-17 13:11:03.849   374   618 D AudioALSAHardware: +setParameters(): continuous_audio_mode=0
04-17 13:11:03.849   374   618 W AudioALSAHardware: setParameters(), still have param.size() = 1, remain param = "continuous_audio_mode=0"
04-17 13:11:03.849   374   618 D AudioALSAHardware: -setParameters(): continuous_audio_mode=0 
04-17 13:11:03.849   389 18722 I hash_map_utils: key: 'continuous_audio_mode' value: '0'
04-17 13:11:03.957   385   426 I libPowerHal: 2: legacy set freq: -1 -1 -1 -1
04-17 13:11:04.302   914   914 E ...ultipleAccountsLogic: No account mapping found for any account, returning null
04-17 13:11:04.302   914   914 W BSTN_MapClient: empty account, retry in 1000
04-17 13:11:04.344   637   655 W ActivityManager: Activity pause timeout for ActivityRecord{56534c0 u0 com.bonsai.workspace/.MainActivity t60}
04-17 13:11:05.295 18276 18276 W onsai.workspac: Accessing hidden field Landroid/os/Trace;->TRACE_TAG_APP:J (light greylist, reflection)
04-17 13:11:05.296 18276 18276 W onsai.workspac: Accessing hidden method Landroid/os/Trace;->isTagEnabled(J)Z (light greylist, reflection)
04-17 13:11:05.349   914   914 E ...ultipleAccountsLogic: No account mapping found for any account, returning null
04-17 13:11:05.350   914   914 W BSTN_MapClient: empty account, retry in 1000
04-17 13:11:05.680 18276 18276 D AppCompatDelegate: Checking for metadata for AppLocalesMetadataHolderService : Service not found
04-17 13:11:05.743 18276 18276 W onsai.workspac: Accessing hidden field Landroid/graphics/Insets;->left:I (light greylist, linking)
04-17 13:11:05.743 18276 18276 W onsai.workspac: Accessing hidden field Landroid/graphics/Insets;->top:I (light greylist, linking)
04-17 13:11:05.743 18276 18276 W onsai.workspac: Accessing hidden field Landroid/graphics/Insets;->right:I (light greylist, linking)
04-17 13:11:05.743 18276 18276 W onsai.workspac: Accessing hidden field Landroid/graphics/Insets;->bottom:I (light greylist, linking)
04-17 13:11:05.912 18276 18276 W onsai.workspac: Accessing hidden method Landroid/view/ViewGroup;->makeOptionalFitsSystemWindows()V (light greylist, reflection)
04-17 13:11:05.924 18276 18276 D OpenGLRenderer: Skia GL Pipeline
04-17 13:11:05.944   637  2445 E WindowManager: App trying to use insecure INPUT_FEATURE_NO_INPUT_CHANNEL flag. Ignoring
04-17 13:11:05.952   393   393 E HWComposer: getLayerReleaseFence failed for display -1: Invalid display
04-17 13:11:05.969   393   393 E HWComposer: getLayerReleaseFence failed for display -1: Invalid display
04-17 13:11:06.002 18276 18276 I Choreographer: Skipped 39 frames!  The application may be doing too much work on its main thread.
04-17 13:11:06.120 18276 18276 I WebViewFactory: Loading com.amazon.webview.chromium version 114.amazon-webview-v114-5735-tablet.5735.220.49 (code 60657464)
04-17 13:11:06.139 18276 18276 E webviewchromiumloader: Failed to open relro file /data/misc/shared_relro/libwebviewchromium64.relro: No such file or directory
04-17 13:11:06.139 18276 18276 W WebViewLibraryLoader: failed to load with relro file, proceeding without
04-17 13:11:06.147 18276 18276 I onsai.workspac: Rejecting re-init on previously-failed class java.lang.Class<com.android.webview.chromium.PacProcessorImpl>: java.lang.NoClassDefFoundError: Failed resolution of: Landroid/webkit/PacProcessor;
04-17 13:11:06.147 18276 18276 I onsai.workspac:   at java.lang.Class java.lang.Class.classForName(java.lang.String, boolean, java.lang.ClassLoader) (Class.java:-2)
04-17 13:11:06.147 18276 18276 I onsai.workspac:   at java.lang.Class java.lang.Class.forName(java.lang.String, boolean, java.lang.ClassLoader) (Class.java:453)
04-17 13:11:06.147 18276 18276 I onsai.workspac:   at java.lang.Class android.webkit.WebViewFactory.getWebViewProviderClass(java.lang.ClassLoader) (WebViewFactory.java:176)
04-17 13:11:06.147 18276 18276 I onsai.workspac:   at java.lang.Class android.webkit.WebViewFactory.getProviderClass() (WebViewFactory.java:459)
04-17 13:11:06.147 18276 18276 I onsai.workspac:   at android.webkit.WebViewFactoryProvider android.webkit.WebViewFactory.getProvider() (WebViewFactory.java:251)
04-17 13:11:06.147 18276 18276 I onsai.workspac:   at android.webkit.WebViewFactoryProvider android.webkit.WebView.getFactory() (WebView.java:2681)
04-17 13:11:06.147 18276 18276 I onsai.workspac:   at void android.webkit.WebView.ensureProviderCreated() (WebView.java:2676)
04-17 13:11:06.147 18276 18276 I onsai.workspac:   at void android.webkit.WebView.setOverScrollMode(int) (WebView.java:2741)
04-17 13:11:06.147 18276 18276 I onsai.workspac:   at void android.view.View.<init>(android.content.Context) (View.java:4807)
04-17 13:11:06.147 18276 18276 I onsai.workspac:   at void android.view.View.<init>(android.content.Context, android.util.AttributeSet, int, int) (View.java:4948)
04-17 13:11:06.147 18276 18276 I onsai.workspac:   at void android.view.ViewGroup.<init>(android.content.Context, android.util.AttributeSet, int, int) (ViewGroup.java:659)
04-17 13:11:06.147 18276 18276 I onsai.workspac:   at void android.widget.AbsoluteLayout.<init>(android.content.Context, android.util.AttributeSet, int, int) (AbsoluteLayout.java:55)
04-17 13:11:06.147 18276 18276 I onsai.workspac:   at void android.webkit.WebView.<init>(android.content.Context, android.util.AttributeSet, int, int, java.util.Map, boolean) (WebView.java:659)
04-17 13:11:06.147 18276 18276 I onsai.workspac:   at void android.webkit.WebView.<init>(android.content.Context, android.util.AttributeSet, int, int) (WebView.java:604)
04-17 13:11:06.147 18276 18276 I onsai.workspac:   at void android.webkit.WebView.<init>(android.content.Context, android.util.AttributeSet, int) (WebView.java:587)
04-17 13:11:06.147 18276 18276 I onsai.workspac:   at void android.webkit.WebView.<init>(android.content.Context, android.util.AttributeSet) (WebView.java:574)
04-17 13:11:06.147 18276 18276 I onsai.workspac:   at void android.webkit.WebView.<init>(android.content.Context) (WebView.java:564)
04-17 13:11:06.147 18276 18276 I onsai.workspac:   at void com.bonsai.workspace.RustWebView.<init>(android.content.Context, java.lang.String[], java.lang.String) (RustWebView.kt:19)
04-17 13:11:06.147 18276 18276 I onsai.workspac:   at void android.os.MessageQueue.nativePollOnce(long, int) (MessageQueue.java:-2)
04-17 13:11:06.147 18276 18276 I onsai.workspac:   at android.os.Message android.os.MessageQueue.next() (MessageQueue.java:326)
04-17 13:11:06.147 18276 18276 I onsai.workspac:   at void android.os.Looper.loop() (Looper.java:178)
04-17 13:11:06.147 18276 18276 I onsai.workspac:   at void android.app.ActivityThread.main(java.lang.String[]) (ActivityThread.java:6775)
04-17 13:11:06.147 18276 18276 I onsai.workspac:   at java.lang.Object java.lang.reflect.Method.invoke(java.lang.Object, java.lang.Object[]) (Method.java:-2)
04-17 13:11:06.147 18276 18276 I onsai.workspac:   at void com.android.internal.os.RuntimeInit$MethodAndArgsCaller.run() (RuntimeInit.java:493)
04-17 13:11:06.147 18276 18276 I onsai.workspac:   at void com.android.internal.os.ZygoteInit.main(java.lang.String[]) (ZygoteInit.java:858)
04-17 13:11:06.147 18276 18276 I onsai.workspac: Caused by: java.lang.ClassNotFoundException: Didn't find class "android.webkit.PacProcessor" on path: DexPathList[[zip file "/system/priv-app/MetricsApi/MetricsApi.apk", zip file "/system/app/AmazonWebView/AmazonWebView.apk"],nativeLibraryDirectories=[/system/app/AmazonWebView/lib/arm64, /system/app/AmazonWebView/AmazonWebView.apk!/lib/arm64-v8a, /system/lib64, /system/priv-app/MetricsApi/MetricsApi.apk!/lib/arm64-v8a, /system/lib64]]
04-17 13:11:06.147 18276 18276 I onsai.workspac:   at java.lang.Class dalvik.system.BaseDexClassLoader.findClass(java.lang.String) (BaseDexClassLoader.java:134)
04-17 13:11:06.147 18276 18276 I onsai.workspac:   at java.lang.Class java.lang.ClassLoader.loadClass(java.lang.String, boolean) (ClassLoader.java:379)
04-17 13:11:06.147 18276 18276 I onsai.workspac:   at java.lang.Class java.lang.ClassLoader.loadClass(java.lang.String) (ClassLoader.java:312)
04-17 13:11:06.147 18276 18276 I onsai.workspac:   at java.lang.Class java.lang.Class.classForName(java.lang.String, boolean, java.lang.ClassLoader) (Class.java:-2)
04-17 13:11:06.147 18276 18276 I onsai.workspac:   at java.lang.Class java.lang.Class.forName(java.lang.String, boolean, java.lang.ClassLoader) (Class.java:453)
04-17 13:11:06.147 18276 18276 I onsai.workspac:   at java.lang.Class android.webkit.WebViewFactory.getWebViewProviderClass(java.lang.ClassLoader) (WebViewFactory.java:176)
04-17 13:11:06.147 18276 18276 I onsai.workspac:   at java.lang.Class android.webkit.WebViewFactory.getProviderClass() (WebViewFactory.java:459)
04-17 13:11:06.147 18276 18276 I onsai.workspac:   at android.webkit.WebViewFactoryProvider android.webkit.WebViewFactory.getProvider() (WebViewFactory.java:251)
04-17 13:11:06.147 18276 18276 I onsai.workspac:   at android.webkit.WebViewFactoryProvider android.webkit.WebView.getFactory() (WebView.java:2681)
04-17 13:11:06.147 18276 18276 I onsai.workspac:   at void android.webkit.WebView.ensureProviderCreated() (WebView.java:2676)
04-17 13:11:06.147 18276 18276 I onsai.workspac:   at void android.webkit.WebView.setOverScrollMode(int) (WebView.java:2741)
04-17 13:11:06.147 18276 18276 I onsai.workspac:   at void android.view.View.<init>(android.content.Context) (View.java:4807)
04-17 13:11:06.147 18276 18276 I onsai.workspac:   at void android.view.View.<init>(android.content.Context, android.util.AttributeSet, int, int) (View.java:4948)
04-17 13:11:06.147 18276 18276 I onsai.workspac:   at void android.view.ViewGroup.<init>(android.content.Context, android.util.AttributeSet, int, int) (ViewGroup.java:659)
04-17 13:11:06.147 18276 18276 I onsai.workspac:   at void android.widget.AbsoluteLayout.<init>(android.content.Context, android.util.AttributeSet, int, int) (AbsoluteLayout.java:55)
04-17 13:11:06.147 18276 18276 I onsai.workspac:   at void android.webkit.WebView.<init>(android.content.Context, android.util.AttributeSet, int, int, java.util.Map, boolean) (WebView.java:659)
04-17 13:11:06.147 18276 18276 I onsai.workspac:   at void android.webkit.WebView.<init>(android.content.Context, android.util.AttributeSet, int, int) (WebView.java:604)
04-17 13:11:06.147 18276 18276 I onsai.workspac:   at void android.webkit.WebView.<init>(android.content.Context, android.util.AttributeSet, int) (WebView.java:587)
04-17 13:11:06.147 18276 18276 I onsai.workspac:   at void android.webkit.WebView.<init>(android.content.Context, android.util.AttributeSet) (WebView.java:574)
04-17 13:11:06.147 18276 18276 I onsai.workspac:   at void android.webkit.WebView.<init>(android.content.Context) (WebView.java:564)
04-17 13:11:06.147 18276 18276 I onsai.workspac:   at void com.bonsai.workspace.RustWebView.<init>(android.content.Context, java.lang.String[], java.lang.String) (RustWebView.kt:19)
04-17 13:11:06.147 18276 18276 I onsai.workspac:   at void android.os.MessageQueue.nativePollOnce(long, int) (MessageQueue.java:-2)
04-17 13:11:06.147 18276 18276 I onsai.workspac:   at android.os.Message android.os.MessageQueue.next() (MessageQueue.java:326)
04-17 13:11:06.147 18276 18276 I onsai.workspac:   at void android.os.Looper.loop() (Looper.java:178)
04-17 13:11:06.147 18276 18276 I onsai.workspac:   at void android.app.ActivityThread.main(java.lang.String[]) (ActivityThread.java:6775)
04-17 13:11:06.147 18276 18276 I onsai.workspac:   at java.lang.Object java.lang.reflect.Method.invoke(java.lang.Object, java.lang.Object[]) (Method.java:-2)
04-17 13:11:06.147 18276 18276 I onsai.workspac:   at void com.android.internal.os.RuntimeInit$MethodAndArgsCaller.run() (RuntimeInit.java:493)
04-17 13:11:06.147 18276 18276 I onsai.workspac:   at void com.android.internal.os.ZygoteInit.main(java.lang.String[]) (ZygoteInit.java:858)
04-17 13:11:06.147 18276 18276 I onsai.workspac: 
04-17 13:11:06.148 18276 18276 I onsai.workspac: Rejecting re-init on previously-failed class java.lang.Class<com.android.webview.chromium.PacProcessorImpl>: java.lang.NoClassDefFoundError: Failed resolution of: Landroid/webkit/PacProcessor;
04-17 13:11:06.148 18276 18276 I onsai.workspac:   at java.lang.Class java.lang.Class.classForName(java.lang.String, boolean, java.lang.ClassLoader) (Class.java:-2)
04-17 13:11:06.148 18276 18276 I onsai.workspac:   at java.lang.Class java.lang.Class.forName(java.lang.String, boolean, java.lang.ClassLoader) (Class.java:453)
04-17 13:11:06.148 18276 18276 I onsai.workspac:   at java.lang.Class android.webkit.WebViewFactory.getWebViewProviderClass(java.lang.ClassLoader) (WebViewFactory.java:176)
04-17 13:11:06.148 18276 18276 I onsai.workspac:   at java.lang.Class android.webkit.WebViewFactory.getProviderClass() (WebViewFactory.java:459)
04-17 13:11:06.148 18276 18276 I onsai.workspac:   at android.webkit.WebViewFactoryProvider android.webkit.WebViewFactory.getProvider() (WebViewFactory.java:251)
04-17 13:11:06.148 18276 18276 I onsai.workspac:   at android.webkit.WebViewFactoryProvider android.webkit.WebView.getFactory() (WebView.java:2681)
04-17 13:11:06.148 18276 18276 I onsai.workspac:   at void android.webkit.WebView.ensureProviderCreated() (WebView.java:2676)
04-17 13:11:06.148 18276 18276 I onsai.workspac:   at void android.webkit.WebView.setOverScrollMode(int) (WebView.java:2741)
04-17 13:11:06.148 18276 18276 I onsai.workspac:   at void android.view.View.<init>(android.content.Context) (View.java:4807)
04-17 13:11:06.148 18276 18276 I onsai.workspac:   at void android.view.View.<init>(android.content.Context, android.util.AttributeSet, int, int) (View.java:4948)
04-17 13:11:06.148 18276 18276 I onsai.workspac:   at void android.view.ViewGroup.<init>(android.content.Context, android.util.AttributeSet, int, int) (ViewGroup.java:659)
04-17 13:11:06.148 18276 18276 I onsai.workspac:   at void android.widget.AbsoluteLayout.<init>(android.content.Context, android.util.AttributeSet, int, int) (AbsoluteLayout.java:55)
04-17 13:11:06.148 18276 18276 I onsai.workspac:   at void android.webkit.WebView.<init>(android.content.Context, android.util.AttributeSet, int, int, java.util.Map, boolean) (WebView.java:659)
04-17 13:11:06.148 18276 18276 I onsai.workspac:   at void android.webkit.WebView.<init>(android.content.Context, android.util.AttributeSet, int, int) (WebView.java:604)
04-17 13:11:06.148 18276 18276 I onsai.workspac:   at void android.webkit.WebView.<init>(android.content.Context, android.util.AttributeSet, int) (WebView.java:587)
04-17 13:11:06.148 18276 18276 I onsai.workspac:   at void android.webkit.WebView.<init>(android.content.Context, android.util.AttributeSet) (WebView.java:574)
04-17 13:11:06.148 18276 18276 I onsai.workspac:   at void android.webkit.WebView.<init>(android.content.Context) (WebView.java:564)
04-17 13:11:06.148 18276 18276 I onsai.workspac:   at void com.bonsai.workspace.RustWebView.<init>(android.content.Context, java.lang.String[], java.lang.String) (RustWebView.kt:19)
04-17 13:11:06.148 18276 18276 I onsai.workspac:   at void android.os.MessageQueue.nativePollOnce(long, int) (MessageQueue.java:-2)
04-17 13:11:06.148 18276 18276 I onsai.workspac:   at android.os.Message android.os.MessageQueue.next() (MessageQueue.java:326)
04-17 13:11:06.148 18276 18276 I onsai.workspac:   at void android.os.Looper.loop() (Looper.java:178)
04-17 13:11:06.148 18276 18276 I onsai.workspac:   at void android.app.ActivityThread.main(java.lang.String[]) (ActivityThread.java:6775)
04-17 13:11:06.148 18276 18276 I onsai.workspac:   at java.lang.Object java.lang.reflect.Method.invoke(java.lang.Object, java.lang.Object[]) (Method.java:-2)
04-17 13:11:06.148 18276 18276 I onsai.workspac:   at void com.android.internal.os.RuntimeInit$MethodAndArgsCaller.run() (RuntimeInit.java:493)
04-17 13:11:06.148 18276 18276 I onsai.workspac:   at void com.android.internal.os.ZygoteInit.main(java.lang.String[]) (ZygoteInit.java:858)
04-17 13:11:06.148 18276 18276 I onsai.workspac: Caused by: java.lang.ClassNotFoundException: Didn't find class "android.webkit.PacProcessor" on path: DexPathList[[zip file "/system/priv-app/MetricsApi/MetricsApi.apk", zip file "/system/app/AmazonWebView/AmazonWebView.apk"],nativeLibraryDirectories=[/system/app/AmazonWebView/lib/arm64, /system/app/AmazonWebView/AmazonWebView.apk!/lib/arm64-v8a, /system/lib64, /system/priv-app/MetricsApi/MetricsApi.apk!/lib/arm64-v8a, /system/lib64]]
04-17 13:11:06.148 18276 18276 I onsai.workspac:   at java.lang.Class dalvik.system.BaseDexClassLoader.findClass(java.lang.String) (BaseDexClassLoader.java:134)
04-17 13:11:06.148 18276 18276 I onsai.workspac:   at java.lang.Class java.lang.ClassLoader.loadClass(java.lang.String, boolean) (ClassLoader.java:379)
04-17 13:11:06.148 18276 18276 I onsai.workspac:   at java.lang.Class java.lang.ClassLoader.loadClass(java.lang.String) (ClassLoader.java:312)
04-17 13:11:06.148 18276 18276 I onsai.workspac:   at java.lang.Class java.lang.Class.classForName(java.lang.String, boolean, java.lang.ClassLoader) (Class.java:-2)
04-17 13:11:06.148 18276 18276 I onsai.workspac:   at java.lang.Class java.lang.Class.forName(java.lang.String, boolean, java.lang.ClassLoader) (Class.java:453)
04-17 13:11:06.148 18276 18276 I onsai.workspac:   at java.lang.Class android.webkit.WebViewFactory.getWebViewProviderClass(java.lang.ClassLoader) (WebViewFactory.java:176)
04-17 13:11:06.148 18276 18276 I onsai.workspac:   at java.lang.Class android.webkit.WebViewFactory.getProviderClass() (WebViewFactory.java:459)
04-17 13:11:06.148 18276 18276 I onsai.workspac:   at android.webkit.WebViewFactoryProvider android.webkit.WebViewFactory.getProvider() (WebViewFactory.java:251)
04-17 13:11:06.148 18276 18276 I onsai.workspac:   at android.webkit.WebViewFactoryProvider android.webkit.WebView.getFactory() (WebView.java:2681)
04-17 13:11:06.148 18276 18276 I onsai.workspac:   at void android.webkit.WebView.ensureProviderCreated() (WebView.java:2676)
04-17 13:11:06.148 18276 18276 I onsai.workspac:   at void android.webkit.WebView.setOverScrollMode(int) (WebView.java:2741)
04-17 13:11:06.148 18276 18276 I onsai.workspac:   at void android.view.View.<init>(android.content.Context) (View.java:4807)
04-17 13:11:06.148 18276 18276 I onsai.workspac:   at void android.view.View.<init>(android.content.Context, android.util.AttributeSet, int, int) (View.java:4948)
04-17 13:11:06.148 18276 18276 I onsai.workspac:   at void android.view.ViewGroup.<init>(android.content.Context, android.util.AttributeSet, int, int) (ViewGroup.java:659)
04-17 13:11:06.148 18276 18276 I onsai.workspac:   at void android.widget.AbsoluteLayout.<init>(android.content.Context, android.util.AttributeSet, int, int) (AbsoluteLayout.java:55)
04-17 13:11:06.148 18276 18276 I onsai.workspac:   at void android.webkit.WebView.<init>(android.content.Context, android.util.AttributeSet, int, int, java.util.Map, boolean) (WebView.java:659)
04-17 13:11:06.148 18276 18276 I onsai.workspac:   at void android.webkit.WebView.<init>(android.content.Context, android.util.AttributeSet, int, int) (WebView.java:604)
04-17 13:11:06.148 18276 18276 I onsai.workspac:   at void android.webkit.WebView.<init>(android.content.Context, android.util.AttributeSet, int) (WebView.java:587)
04-17 13:11:06.148 18276 18276 I onsai.workspac:   at void android.webkit.WebView.<init>(android.content.Context, android.util.AttributeSet) (WebView.java:574)
04-17 13:11:06.148 18276 18276 I onsai.workspac:   at void android.webkit.WebView.<init>(android.content.Context) (WebView.java:564)
04-17 13:11:06.148 18276 18276 I onsai.workspac:   at void com.bonsai.workspace.RustWebView.<init>(android.content.Context, java.lang.String[], java.lang.String) (RustWebView.kt:19)
04-17 13:11:06.148 18276 18276 I onsai.workspac:   at void android.os.MessageQueue.nativePollOnce(long, int) (MessageQueue.java:-2)
04-17 13:11:06.148 18276 18276 I onsai.workspac:   at android.os.Message android.os.MessageQueue.next() (MessageQueue.java:326)
04-17 13:11:06.148 18276 18276 I onsai.workspac:   at void android.os.Looper.loop() (Looper.java:178)
04-17 13:11:06.148 18276 18276 I onsai.workspac:   at void android.app.ActivityThread.main(java.lang.String[]) (ActivityThread.java:6775)
04-17 13:11:06.148 18276 18276 I onsai.workspac:   at java.lang.Object java.lang.reflect.Method.invoke(java.lang.Object, java.lang.Object[]) (Method.java:-2)
04-17 13:11:06.148 18276 18276 I onsai.workspac:   at void com.android.internal.os.RuntimeInit$MethodAndArgsCaller.run() (RuntimeInit.java:493)
04-17 13:11:06.148 18276 18276 I onsai.workspac:   at void com.android.internal.os.ZygoteInit.main(java.lang.String[]) (ZygoteInit.java:858)
04-17 13:11:06.148 18276 18276 I onsai.workspac: 
04-17 13:11:06.151 18276 18276 I onsai.workspac: Rejecting re-init on previously-failed class java.lang.Class<com.android.webview.chromium.PacProcessorImpl>: java.lang.NoClassDefFoundError: Failed resolution of: Landroid/webkit/PacProcessor;
04-17 13:11:06.152 18276 18276 I onsai.workspac:   at java.lang.Class java.lang.Class.classForName(java.lang.String, boolean, java.lang.ClassLoader) (Class.java:-2)
04-17 13:11:06.152 18276 18276 I onsai.workspac:   at java.lang.Class java.lang.Class.forName(java.lang.String, boolean, java.lang.ClassLoader) (Class.java:453)
04-17 13:11:06.152 18276 18276 I onsai.workspac:   at java.lang.Class android.webkit.WebViewFactory.getWebViewProviderClass(java.lang.ClassLoader) (WebViewFactory.java:176)
04-17 13:11:06.152 18276 18276 I onsai.workspac:   at java.lang.Class android.webkit.WebViewFactory.getProviderClass() (WebViewFactory.java:459)
04-17 13:11:06.152 18276 18276 I onsai.workspac:   at android.webkit.WebViewFactoryProvider android.webkit.WebViewFactory.getProvider() (WebViewFactory.java:251)
04-17 13:11:06.152 18276 18276 I onsai.workspac:   at android.webkit.WebViewFactoryProvider android.webkit.WebView.getFactory() (WebView.java:2681)
04-17 13:11:06.152 18276 18276 I onsai.workspac:   at void android.webkit.WebView.ensureProviderCreated() (WebView.java:2676)
04-17 13:11:06.152 18276 18276 I onsai.workspac:   at void android.webkit.WebView.setOverScrollMode(int) (WebView.java:2741)
04-17 13:11:06.152 18276 18276 I onsai.workspac:   at void android.view.View.<init>(android.content.Context) (View.java:4807)
04-17 13:11:06.152 18276 18276 I onsai.workspac:   at void android.view.View.<init>(android.content.Context, android.util.AttributeSet, int, int) (View.java:4948)
04-17 13:11:06.152 18276 18276 I onsai.workspac:   at void android.view.ViewGroup.<init>(android.content.Context, android.util.AttributeSet, int, int) (ViewGroup.java:659)
04-17 13:11:06.152 18276 18276 I onsai.workspac:   at void android.widget.AbsoluteLayout.<init>(android.content.Context, android.util.AttributeSet, int, int) (AbsoluteLayout.java:55)
04-17 13:11:06.152 18276 18276 I onsai.workspac:   at void android.webkit.WebView.<init>(android.content.Context, android.util.AttributeSet, int, int, java.util.Map, boolean) (WebView.java:659)
04-17 13:11:06.152 18276 18276 I onsai.workspac:   at void android.webkit.WebView.<init>(android.content.Context, android.util.AttributeSet, int, int) (WebView.java:604)
04-17 13:11:06.152 18276 18276 I onsai.workspac:   at void android.webkit.WebView.<init>(android.content.Context, android.util.AttributeSet, int) (WebView.java:587)
04-17 13:11:06.152 18276 18276 I onsai.workspac:   at void android.webkit.WebView.<init>(android.content.Context, android.util.AttributeSet) (WebView.java:574)
04-17 13:11:06.152 18276 18276 I onsai.workspac:   at void android.webkit.WebView.<init>(android.content.Context) (WebView.java:564)
04-17 13:11:06.152 18276 18276 I onsai.workspac:   at void com.bonsai.workspace.RustWebView.<init>(android.content.Context, java.lang.String[], java.lang.String) (RustWebView.kt:19)
04-17 13:11:06.152 18276 18276 I onsai.workspac:   at void android.os.MessageQueue.nativePollOnce(long, int) (MessageQueue.java:-2)
04-17 13:11:06.152 18276 18276 I onsai.workspac:   at android.os.Message android.os.MessageQueue.next() (MessageQueue.java:326)
04-17 13:11:06.152 18276 18276 I onsai.workspac:   at void android.os.Looper.loop() (Looper.java:178)
04-17 13:11:06.152 18276 18276 I onsai.workspac:   at void android.app.ActivityThread.main(java.lang.String[]) (ActivityThread.java:6775)
04-17 13:11:06.152 18276 18276 I onsai.workspac:   at java.lang.Object java.lang.reflect.Method.invoke(java.lang.Object, java.lang.Object[]) (Method.java:-2)
04-17 13:11:06.152 18276 18276 I onsai.workspac:   at void com.android.internal.os.RuntimeInit$MethodAndArgsCaller.run() (RuntimeInit.java:493)
04-17 13:11:06.152 18276 18276 I onsai.workspac:   at void com.android.internal.os.ZygoteInit.main(java.lang.String[]) (ZygoteInit.java:858)
04-17 13:11:06.152 18276 18276 I onsai.workspac: Caused by: java.lang.ClassNotFoundException: Didn't find class "android.webkit.PacProcessor" on path: DexPathList[[zip file "/system/priv-app/MetricsApi/MetricsApi.apk", zip file "/system/app/AmazonWebView/AmazonWebView.apk"],nativeLibraryDirectories=[/system/app/AmazonWebView/lib/arm64, /system/app/AmazonWebView/AmazonWebView.apk!/lib/arm64-v8a, /system/lib64, /system/priv-app/MetricsApi/MetricsApi.apk!/lib/arm64-v8a, /system/lib64]]
04-17 13:11:06.152 18276 18276 I onsai.workspac:   at java.lang.Class dalvik.system.BaseDexClassLoader.findClass(java.lang.String) (BaseDexClassLoader.java:134)
04-17 13:11:06.152 18276 18276 I onsai.workspac:   at java.lang.Class java.lang.ClassLoader.loadClass(java.lang.String, boolean) (ClassLoader.java:379)
04-17 13:11:06.152 18276 18276 I onsai.workspac:   at java.lang.Class java.lang.ClassLoader.loadClass(java.lang.String) (ClassLoader.java:312)
04-17 13:11:06.152 18276 18276 I onsai.workspac:   at java.lang.Class java.lang.Class.classForName(java.lang.String, boolean, java.lang.ClassLoader) (Class.java:-2)
04-17 13:11:06.152 18276 18276 I onsai.workspac:   at java.lang.Class java.lang.Class.forName(java.lang.String, boolean, java.lang.ClassLoader) (Class.java:453)
04-17 13:11:06.152 18276 18276 I onsai.workspac:   at java.lang.Class android.webkit.WebViewFactory.getWebViewProviderClass(java.lang.ClassLoader) (WebViewFactory.java:176)
04-17 13:11:06.152 18276 18276 I onsai.workspac:   at java.lang.Class android.webkit.WebViewFactory.getProviderClass() (WebViewFactory.java:459)
04-17 13:11:06.152 18276 18276 I onsai.workspac:   at android.webkit.WebViewFactoryProvider android.webkit.WebViewFactory.getProvider() (WebViewFactory.java:251)
04-17 13:11:06.152 18276 18276 I onsai.workspac:   at android.webkit.WebViewFactoryProvider android.webkit.WebView.getFactory() (WebView.java:2681)
04-17 13:11:06.152 18276 18276 I onsai.workspac:   at void android.webkit.WebView.ensureProviderCreated() (WebView.java:2676)
04-17 13:11:06.152 18276 18276 I onsai.workspac:   at void android.webkit.WebView.setOverScrollMode(int) (WebView.java:2741)
04-17 13:11:06.152 18276 18276 I onsai.workspac:   at void android.view.View.<init>(android.content.Context) (View.java:4807)
04-17 13:11:06.152 18276 18276 I onsai.workspac:   at void android.view.View.<init>(android.content.Context, android.util.AttributeSet, int, int) (View.java:4948)
04-17 13:11:06.152 18276 18276 I onsai.workspac:   at void android.view.ViewGroup.<init>(android.content.Context, android.util.AttributeSet, int, int) (ViewGroup.java:659)
04-17 13:11:06.152 18276 18276 I onsai.workspac:   at void android.widget.AbsoluteLayout.<init>(android.content.Context, android.util.AttributeSet, int, int) (AbsoluteLayout.java:55)
04-17 13:11:06.152 18276 18276 I onsai.workspac:   at void android.webkit.WebView.<init>(android.content.Context, android.util.AttributeSet, int, int, java.util.Map, boolean) (WebView.java:659)
04-17 13:11:06.152 18276 18276 I onsai.workspac:   at void android.webkit.WebView.<init>(android.content.Context, android.util.AttributeSet, int, int) (WebView.java:604)
04-17 13:11:06.152 18276 18276 I onsai.workspac:   at void android.webkit.WebView.<init>(android.content.Context, android.util.AttributeSet, int) (WebView.java:587)
04-17 13:11:06.152 18276 18276 I onsai.workspac:   at void android.webkit.WebView.<init>(android.content.Context, android.util.AttributeSet) (WebView.java:574)
04-17 13:11:06.152 18276 18276 I onsai.workspac:   at void android.webkit.WebView.<init>(android.content.Context) (WebView.java:564)
04-17 13:11:06.152 18276 18276 I onsai.workspac:   at void com.bonsai.workspace.RustWebView.<init>(android.content.Context, java.lang.String[], java.lang.String) (RustWebView.kt:19)
04-17 13:11:06.152 18276 18276 I onsai.workspac:   at void android.os.MessageQueue.nativePollOnce(long, int) (MessageQueue.java:-2)
04-17 13:11:06.152 18276 18276 I onsai.workspac:   at android.os.Message android.os.MessageQueue.next() (MessageQueue.java:326)
04-17 13:11:06.152 18276 18276 I onsai.workspac:   at void android.os.Looper.loop() (Looper.java:178)
04-17 13:11:06.152 18276 18276 I onsai.workspac:   at void android.app.ActivityThread.main(java.lang.String[]) (ActivityThread.java:6775)
04-17 13:11:06.152 18276 18276 I onsai.workspac:   at java.lang.Object java.lang.reflect.Method.invoke(java.lang.Object, java.lang.Object[]) (Method.java:-2)
04-17 13:11:06.152 18276 18276 I onsai.workspac:   at void com.android.internal.os.RuntimeInit$MethodAndArgsCaller.run() (RuntimeInit.java:493)
04-17 13:11:06.152 18276 18276 I onsai.workspac:   at void com.android.internal.os.ZygoteInit.main(java.lang.String[]) (ZygoteInit.java:858)
04-17 13:11:06.152 18276 18276 I onsai.workspac: 
04-17 13:11:06.152 18276 18276 I onsai.workspac: Rejecting re-init on previously-failed class java.lang.Class<com.android.webview.chromium.PacProcessorImpl>: java.lang.NoClassDefFoundError: Failed resolution of: Landroid/webkit/PacProcessor;
04-17 13:11:06.152 18276 18276 I onsai.workspac:   at java.lang.Class java.lang.Class.classForName(java.lang.String, boolean, java.lang.ClassLoader) (Class.java:-2)
04-17 13:11:06.152 18276 18276 I onsai.workspac:   at java.lang.Class java.lang.Class.forName(java.lang.String, boolean, java.lang.ClassLoader) (Class.java:453)
04-17 13:11:06.152 18276 18276 I onsai.workspac:   at java.lang.Class android.webkit.WebViewFactory.getWebViewProviderClass(java.lang.ClassLoader) (WebViewFactory.java:176)
04-17 13:11:06.152 18276 18276 I onsai.workspac:   at java.lang.Class android.webkit.WebViewFactory.getProviderClass() (WebViewFactory.java:459)
04-17 13:11:06.152 18276 18276 I onsai.workspac:   at android.webkit.WebViewFactoryProvider android.webkit.WebViewFactory.getProvider() (WebViewFactory.java:251)
04-17 13:11:06.152 18276 18276 I onsai.workspac:   at android.webkit.WebViewFactoryProvider android.webkit.WebView.getFactory() (WebView.java:2681)
04-17 13:11:06.152 18276 18276 I onsai.workspac:   at void android.webkit.WebView.ensureProviderCreated() (WebView.java:2676)
04-17 13:11:06.152 18276 18276 I onsai.workspac:   at void android.webkit.WebView.setOverScrollMode(int) (WebView.java:2741)
04-17 13:11:06.152 18276 18276 I onsai.workspac:   at void android.view.View.<init>(android.content.Context) (View.java:4807)
04-17 13:11:06.152 18276 18276 I onsai.workspac:   at void android.view.View.<init>(android.content.Context, android.util.AttributeSet, int, int) (View.java:4948)
04-17 13:11:06.152 18276 18276 I onsai.workspac:   at void android.view.ViewGroup.<init>(android.content.Context, android.util.AttributeSet, int, int) (ViewGroup.java:659)
04-17 13:11:06.152 18276 18276 I onsai.workspac:   at void android.widget.AbsoluteLayout.<init>(android.content.Context, android.util.AttributeSet, int, int) (AbsoluteLayout.java:55)
04-17 13:11:06.152 18276 18276 I onsai.workspac:   at void android.webkit.WebView.<init>(android.content.Context, android.util.AttributeSet, int, int, java.util.Map, boolean) (WebView.java:659)
04-17 13:11:06.152 18276 18276 I onsai.workspac:   at void android.webkit.WebView.<init>(android.content.Context, android.util.AttributeSet, int, int) (WebView.java:604)
04-17 13:11:06.152 18276 18276 I onsai.workspac:   at void android.webkit.WebView.<init>(android.content.Context, android.util.AttributeSet, int) (WebView.java:587)
04-17 13:11:06.152 18276 18276 I onsai.workspac:   at void android.webkit.WebView.<init>(android.content.Context, android.util.AttributeSet) (WebView.java:574)
04-17 13:11:06.152 18276 18276 I onsai.workspac:   at void android.webkit.WebView.<init>(android.content.Context) (WebView.java:564)
04-17 13:11:06.152 18276 18276 I onsai.workspac:   at void com.bonsai.workspace.RustWebView.<init>(android.content.Context, java.lang.String[], java.lang.String) (RustWebView.kt:19)
04-17 13:11:06.152 18276 18276 I onsai.workspac:   at void android.os.MessageQueue.nativePollOnce(long, int) (MessageQueue.java:-2)
04-17 13:11:06.152 18276 18276 I onsai.workspac:   at android.os.Message android.os.MessageQueue.next() (MessageQueue.java:326)
04-17 13:11:06.152 18276 18276 I onsai.workspac:   at void android.os.Looper.loop() (Looper.java:178)
04-17 13:11:06.152 18276 18276 I onsai.workspac:   at void android.app.ActivityThread.main(java.lang.String[]) (ActivityThread.java:6775)
04-17 13:11:06.152 18276 18276 I onsai.workspac:   at java.lang.Object java.lang.reflect.Method.invoke(java.lang.Object, java.lang.Object[]) (Method.java:-2)
04-17 13:11:06.152 18276 18276 I onsai.workspac:   at void com.android.internal.os.RuntimeInit$MethodAndArgsCaller.run() (RuntimeInit.java:493)
04-17 13:11:06.152 18276 18276 I onsai.workspac:   at void com.android.internal.os.ZygoteInit.main(java.lang.String[]) (ZygoteInit.java:858)
04-17 13:11:06.152 18276 18276 I onsai.workspac: Caused by: java.lang.ClassNotFoundException: Didn't find class "android.webkit.PacProcessor" on path: DexPathList[[zip file "/system/priv-app/MetricsApi/MetricsApi.apk", zip file "/system/app/AmazonWebView/AmazonWebView.apk"],nativeLibraryDirectories=[/system/app/AmazonWebView/lib/arm64, /system/app/AmazonWebView/AmazonWebView.apk!/lib/arm64-v8a, /system/lib64, /system/priv-app/MetricsApi/MetricsApi.apk!/lib/arm64-v8a, /system/lib64]]
04-17 13:11:06.153 18276 18276 I onsai.workspac:   at java.lang.Class dalvik.system.BaseDexClassLoader.findClass(java.lang.String) (BaseDexClassLoader.java:134)
04-17 13:11:06.153 18276 18276 I onsai.workspac:   at java.lang.Class java.lang.ClassLoader.loadClass(java.lang.String, boolean) (ClassLoader.java:379)
04-17 13:11:06.153 18276 18276 I onsai.workspac:   at java.lang.Class java.lang.ClassLoader.loadClass(java.lang.String) (ClassLoader.java:312)
04-17 13:11:06.153 18276 18276 I onsai.workspac:   at java.lang.Class java.lang.Class.classForName(java.lang.String, boolean, java.lang.ClassLoader) (Class.java:-2)
04-17 13:11:06.153 18276 18276 I onsai.workspac:   at java.lang.Class java.lang.Class.forName(java.lang.String, boolean, java.lang.ClassLoader) (Class.java:453)
04-17 13:11:06.153 18276 18276 I onsai.workspac:   at java.lang.Class android.webkit.WebViewFactory.getWebViewProviderClass(java.lang.ClassLoader) (WebViewFactory.java:176)
04-17 13:11:06.153 18276 18276 I onsai.workspac:   at java.lang.Class android.webkit.WebViewFactory.getProviderClass() (WebViewFactory.java:459)
04-17 13:11:06.153 18276 18276 I onsai.workspac:   at android.webkit.WebViewFactoryProvider android.webkit.WebViewFactory.getProvider() (WebViewFactory.java:251)
04-17 13:11:06.153 18276 18276 I onsai.workspac:   at android.webkit.WebViewFactoryProvider android.webkit.WebView.getFactory() (WebView.java:2681)
04-17 13:11:06.153 18276 18276 I onsai.workspac:   at void android.webkit.WebView.ensureProviderCreated() (WebView.java:2676)
04-17 13:11:06.153 18276 18276 I onsai.workspac:   at void android.webkit.WebView.setOverScrollMode(int) (WebView.java:2741)
04-17 13:11:06.153 18276 18276 I onsai.workspac:   at void android.view.View.<init>(android.content.Context) (View.java:4807)
04-17 13:11:06.153 18276 18276 I onsai.workspac:   at void android.view.View.<init>(android.content.Context, android.util.AttributeSet, int, int) (View.java:4948)
04-17 13:11:06.153 18276 18276 I onsai.workspac:   at void android.view.ViewGroup.<init>(android.content.Context, android.util.AttributeSet, int, int) (ViewGroup.java:659)
04-17 13:11:06.153 18276 18276 I onsai.workspac:   at void android.widget.AbsoluteLayout.<init>(android.content.Context, android.util.AttributeSet, int, int) (AbsoluteLayout.java:55)
04-17 13:11:06.153 18276 18276 I onsai.workspac:   at void android.webkit.WebView.<init>(android.content.Context, android.util.AttributeSet, int, int, java.util.Map, boolean) (WebView.java:659)
04-17 13:11:06.153 18276 18276 I onsai.workspac:   at void android.webkit.WebView.<init>(android.content.Context, android.util.AttributeSet, int, int) (WebView.java:604)
04-17 13:11:06.153 18276 18276 I onsai.workspac:   at void android.webkit.WebView.<init>(android.content.Context, android.util.AttributeSet, int) (WebView.java:587)
04-17 13:11:06.153 18276 18276 I onsai.workspac:   at void android.webkit.WebView.<init>(android.content.Context, android.util.AttributeSet) (WebView.java:574)
04-17 13:11:06.153 18276 18276 I onsai.workspac:   at void android.webkit.WebView.<init>(android.content.Context) (WebView.java:564)
04-17 13:11:06.153 18276 18276 I onsai.workspac:   at void com.bonsai.workspace.RustWebView.<init>(android.content.Context, java.lang.String[], java.lang.String) (RustWebView.kt:19)
04-17 13:11:06.153 18276 18276 I onsai.workspac:   at void android.os.MessageQueue.nativePollOnce(long, int) (MessageQueue.java:-2)
04-17 13:11:06.153 18276 18276 I onsai.workspac:   at android.os.Message android.os.MessageQueue.next() (MessageQueue.java:326)
04-17 13:11:06.153 18276 18276 I onsai.workspac:   at void android.os.Looper.loop() (Looper.java:178)
04-17 13:11:06.153 18276 18276 I onsai.workspac:   at void android.app.ActivityThread.main(java.lang.String[]) (ActivityThread.java:6775)
04-17 13:11:06.153 18276 18276 I onsai.workspac:   at java.lang.Object java.lang.reflect.Method.invoke(java.lang.Object, java.lang.Object[]) (Method.java:-2)
04-17 13:11:06.153 18276 18276 I onsai.workspac:   at void com.android.internal.os.RuntimeInit$MethodAndArgsCaller.run() (RuntimeInit.java:493)
04-17 13:11:06.153 18276 18276 I onsai.workspac:   at void com.android.internal.os.ZygoteInit.main(java.lang.String[]) (ZygoteInit.java:858)
04-17 13:11:06.153 18276 18276 I onsai.workspac: 
04-17 13:11:06.164 18276 18276 W onsai.workspac: Accessing hidden method Landroid/os/Trace;->traceBegin(JLjava/lang/String;)V (light greylist, reflection)
04-17 13:11:06.165 18276 18276 W onsai.workspac: Accessing hidden method Landroid/os/Trace;->traceEnd(J)V (light greylist, reflection)
04-17 13:11:06.165 18276 18276 W onsai.workspac: Accessing hidden method Landroid/os/Trace;->asyncTraceBegin(JLjava/lang/String;I)V (light greylist, reflection)
04-17 13:11:06.165 18276 18276 W onsai.workspac: Accessing hidden method Landroid/os/Trace;->asyncTraceEnd(JLjava/lang/String;I)V (light greylist, reflection)
04-17 13:11:06.173 18276 18276 I cr_WVCFactoryProvider: Loaded version=114.0.5735.220 minSdkVersion=1 isBundle=false multiprocess=true packageId=2
04-17 13:11:06.181 18276 18276 W linker  : Warning: "/system/app/AmazonWebView/AmazonWebView.apk!/lib/arm64-v8a/libwebviewextchromium.so" unused DT entry: unknown processor-specific (type 0x70000001 arg 0x0) (ignoring)
04-17 13:11:06.181 18276 18298 I RustStdoutStderr: WARNING: linker: Warning: "/system/app/AmazonWebView/AmazonWebView.apk!/lib/arm64-v8a/libwebviewextchromium.so" unused DT entry: unknown processor-specific (type 0x70000001 arg 0x0) (ignoring)
04-17 13:11:06.216 18276 18276 I cr_AWVDeploymentClient: connectRemote
04-17 13:11:06.223 18276 18276 I cr_AWVDeploymentClient: bindService status: true
04-17 13:11:06.242 18276 18276 E cr_AWVDeploymentClient: Chromium Version = v114 key doesn't exist. So, default version config will be used.
04-17 13:11:06.243 18276 18276 E cr_AWVDeploymentClient: Default device config doesn't exist
04-17 13:11:06.246 18276 18276 E cr_AWVDeploymentClient: Chromium Version = v114 key doesn't exist. So, default version config will be used.
04-17 13:11:06.247 18276 18276 E cr_AWVDeploymentClient: Default device config doesn't exist
04-17 13:11:06.295 18276 18276 I cr_LibraryLoader: Successfully loaded native library
04-17 13:11:06.297 18276 18276 I cr_CachingUmaRecorder: Flushed 7 samples from 7 histograms.
04-17 13:11:06.398   914   914 E ...ultipleAccountsLogic: No account mapping found for any account, returning null
04-17 13:11:06.398   914   914 W BSTN_MapClient: empty account, retry in 1000
04-17 13:11:06.510 18276 18276 W cr_BrowserStartup: Start browser processes sync. Start GPU process: false
04-17 13:11:06.511 18276 18276 W cr_BrowserStartup: Initializing chromium process, singleProcess=false
04-17 13:11:06.519 18276 18276 W cr_BrowserStartup: Calling into ContentMain.start(). Start minimal browser: false
04-17 13:11:06.519 18276 18314 W onsai.workspac: Accessing hidden method Landroid/content/Context;->bindServiceAsUser(Landroid/content/Intent;Landroid/content/ServiceConnection;ILandroid/os/Handler;Landroid/os/UserHandle;)Z (light greylist, reflection)
04-17 13:11:06.520 18276 18276 W chromium: [WARNING:content_main.cc(181)] RunContentProcess
04-17 13:11:06.520 18276 18298 I RustStdoutStderr: [WARNING:content_main.cc(181)] RunContentProcess
04-17 13:11:06.523   637  1028 W Process : Unable to open /proc/0/status
04-17 13:11:06.537   637   657 I ActivityManager: Start proc 18315:com.amazon.webview.chromium:sandboxed_process0/u0i159 for webview_service com.bonsai.workspace/org.chromium.content.app.SandboxedProcessService0
04-17 13:11:06.542   637   790 W Eve     : MEMORY_LEVEL: [18229,0][18194,0]
04-17 13:11:06.542   637   790 W Eve     :   top=com.bonsai.workspace/.MainActivity launching=true
04-17 13:11:06.542   637   790 W Eve     :   prev=com.bonsai.workspace/.MainActivity screen_on=false thermal=0
04-17 13:11:06.542   637   790 W Eve     :   adb=true downloading=false gamemode=true
04-17 13:11:06.542   637   790 W Eve     :   memory=0 trim=0 available=1135928KB free=320728KB
04-17 13:11:06.545 18315 18321 I dboxed_process: Bumping SignalCatcher priority from 5 to 10
04-17 13:11:06.545 18315 18315 E dboxed_process: Not starting debugger since process cannot load the jdwp agent.
