04-17 13:11:06.591 18315 18315 I cr_WebViewApkApp: Launched version=114.0.5735.220 minSdkVersion=1 isBundle=false processName=com.amazon.webview.chromium:sandboxed_process0
04-17 13:11:06.598 18315 18335 E ArcusFwkManager: arcusservice cannot be found
04-17 13:11:06.598 18315 18315 I cr_ChildProcessService: Creating new ChildProcessService pid=18315
04-17 13:11:06.598 18315 18335 E ArcusFwkManager: arcusservice cannot be found
04-17 13:11:06.598 18315 18335 E ArcusFwkManager: register: ArcusFwkManager is unavailable
04-17 13:11:06.599 18315 18335 E libc    : Access denied finding property "ro.product.config.type"
04-17 13:11:06.594 18315 18315 W Thread-2: type=1400 audit(0.0:37331): avc: denied { read } for name="u:object_r:devicetype_prop:s0" dev="tmpfs" ino=9305 scontext=u:r:isolated_app:s0:c159,c256,c512,c768 tcontext=u:object_r:devicetype_prop:s0 tclass=file permissive=0
04-17 13:11:06.600 18315 18335 E ArcusFwkManager: arcusservice cannot be found
04-17 13:11:06.600 18315 18335 E ArcusFwkManager: addAttributeString: ArcusFwkManager is unavailable
04-17 13:11:06.600 18315 18335 E ArcusFwkManager: arcusservice cannot be found
04-17 13:11:06.600 18315 18335 E ArcusFwkManager: addAttributeString: ArcusFwkManager is unavailable
04-17 13:11:06.601 18315 18335 E ArcusFwkManager: arcusservice cannot be found
04-17 13:11:06.601 18315 18335 E ArcusFwkManager: addAttributeString: ArcusFwkManager is unavailable
04-17 13:11:06.602 18315 18335 E ArcusFwkManager: arcusservice cannot be found
04-17 13:11:06.602 18315 18335 E ArcusFwkManager: addAttributeString: ArcusFwkManager is unavailable
04-17 13:11:06.602 18315 18335 E ArcusFwkManager: arcusservice cannot be found
04-17 13:11:06.602 18315 18335 E ArcusFwkManager: addAttributeString: ArcusFwkManager is unavailable
04-17 13:11:06.602 18315 18335 E ArcusFwkManager: arcusservice cannot be found
04-17 13:11:06.602 18315 18335 E ArcusFwkManager: addAttributeString: ArcusFwkManager is unavailable
04-17 13:11:06.603 18315 18335 E ArcusFwkManager: arcusservice cannot be found
04-17 13:11:06.603 18315 18335 E ArcusFwkManager: openConfiguration: ArcusFwkManager is unavailable
04-17 13:11:06.605 18315 18315 E webviewchromiumloader: Failed to open relro file /data/misc/shared_relro/libwebviewchromium32.relro: No such file or directory
04-17 13:11:06.605 18315 18315 W WebViewLibraryLoader: failed to load with relro file, proceeding without
04-17 13:11:06.618 18276 18276 W chromium: [WARNING:browser_main_loop.cc(845)] CreateStartupTasks
04-17 13:11:06.618 18276 18298 I RustStdoutStderr: [WARNING:browser_main_loop.cc(845)] CreateStartupTasks
04-17 13:11:06.618 18276 18276 W chromium: [WARNING:startup_task_runner.cc(39)] StartRunningTasksAsync: task list has 5 task(s)
04-17 13:11:06.618 18276 18298 I RustStdoutStderr: [WARNING:startup_task_runner.cc(39)] StartRunningTasksAsync: task list has 5 task(s)
04-17 13:11:06.622 18276 18276 W chromium: [WARNING:browser_main_loop.cc(961)] PostCreateThreads
04-17 13:11:06.622 18276 18298 I RustStdoutStderr: [WARNING:browser_main_loop.cc(961)] PostCreateThreads
04-17 13:11:06.623 18276 18276 W chromium: [WARNING:browser_main_loop.cc(1271)] PostCreateThreadsImpl
04-17 13:11:06.623 18276 18276 W chromium: [WARNING:browser_gpu_channel_host_factory.cc(268)] Initialize: establish_gpu_channel: 0
04-17 13:11:06.623 18276 18298 I RustStdoutStderr: [WARNING:browser_main_loop.cc(1271)] PostCreateThreadsImpl
04-17 13:11:06.623 18276 18298 I RustStdoutStderr: [WARNING:browser_gpu_channel_host_factory.cc(268)] Initialize: establish_gpu_channel: 0
04-17 13:11:06.654 18276 18276 W cr_BrowserStartup: Executing enqueued startup complete callbacks. Success: true
04-17 13:11:06.655 18276 18276 W cr_BrowserStartup: Executing minimal startup complete callbacks. Success: true
04-17 13:11:06.732   637  1028 D ConnectivityService: requestNetwork for uid/pid:10229/18276 NetworkRequest [ TRACK_DEFAULT id=2262, [ Capabilities: INTERNET&NOT_RESTRICTED&TRUSTED Unwanted:  Uid: 10229] ]
04-17 13:11:06.733   637   805 D Ethernet: got request NetworkRequest [ TRACK_DEFAULT id=2262, [ Capabilities: INTERNET&NOT_RESTRICTED&TRUSTED Unwanted:  Uid: 10229] ] with score 101
04-17 13:11:06.734   637   730 D WIFI    : got request NetworkRequest [ TRACK_DEFAULT id=2262, [ Capabilities: INTERNET&NOT_RESTRICTED&TRUSTED Unwanted:  Uid: 10229] ] with score 101
04-17 13:11:06.734   637   730 D WIFI_UT : got request NetworkRequest [ TRACK_DEFAULT id=2262, [ Capabilities: INTERNET&NOT_RESTRICTED&TRUSTED Unwanted:  Uid: 10229] ] with score 101
04-17 13:11:06.812 18276 18276 I onsai.workspac: Rejecting re-init on previously-failed class java.lang.Class<androidx.webkit.internal.WebViewRenderProcessClientFrameworkAdapter>: java.lang.NoClassDefFoundError: Failed resolution of: Landroid/webkit/WebViewRenderProcessClient;
04-17 13:11:06.812 18276 18276 I onsai.workspac:   at androidx.webkit.ScriptHandler androidx.webkit.WebViewCompat.addDocumentStartJavaScript(android.webkit.WebView, java.lang.String, java.util.Set) (WebViewCompat.java:851)
04-17 13:11:06.812 18276 18276 I onsai.workspac:   at void com.bonsai.workspace.RustWebView.<init>(android.content.Context, java.lang.String[], java.lang.String) (RustWebView.kt:35)
04-17 13:11:06.812 18276 18276 I onsai.workspac:   at void android.os.MessageQueue.nativePollOnce(long, int) (MessageQueue.java:-2)
04-17 13:11:06.812 18276 18276 I onsai.workspac:   at android.os.Message android.os.MessageQueue.next() (MessageQueue.java:326)
04-17 13:11:06.812 18276 18276 I onsai.workspac:   at void android.os.Looper.loop() (Looper.java:178)
04-17 13:11:06.812 18276 18276 I onsai.workspac:   at void android.app.ActivityThread.main(java.lang.String[]) (ActivityThread.java:6775)
04-17 13:11:06.812 18276 18276 I onsai.workspac:   at java.lang.Object java.lang.reflect.Method.invoke(java.lang.Object, java.lang.Object[]) (Method.java:-2)
04-17 13:11:06.812 18276 18276 I onsai.workspac:   at void com.android.internal.os.RuntimeInit$MethodAndArgsCaller.run() (RuntimeInit.java:493)
04-17 13:11:06.812 18276 18276 I onsai.workspac:   at void com.android.internal.os.ZygoteInit.main(java.lang.String[]) (ZygoteInit.java:858)
04-17 13:11:06.812 18276 18276 I onsai.workspac: Caused by: java.lang.ClassNotFoundException: Didn't find class "android.webkit.WebViewRenderProcessClient" on path: DexPathList[[zip file "/data/app/com.bonsai.workspace-cr07DNjdxjcSTavyEKoXcw==/base.apk"],nativeLibraryDirectories=[/data/app/com.bonsai.workspace-cr07DNjdxjcSTavyEKoXcw==/lib/arm64, /data/app/com.bonsai.workspace-cr07DNjdxjcSTavyEKoXcw==/base.apk!/lib/arm64-v8a, /system/lib64]]
04-17 13:11:06.812 18276 18276 I onsai.workspac:   at java.lang.Class dalvik.system.BaseDexClassLoader.findClass(java.lang.String) (BaseDexClassLoader.java:134)
04-17 13:11:06.812 18276 18276 I onsai.workspac:   at java.lang.Class java.lang.ClassLoader.loadClass(java.lang.String, boolean) (ClassLoader.java:379)
04-17 13:11:06.812 18276 18276 I onsai.workspac:   at java.lang.Class java.lang.ClassLoader.loadClass(java.lang.String) (ClassLoader.java:312)
04-17 13:11:06.812 18276 18276 I onsai.workspac:   at androidx.webkit.ScriptHandler androidx.webkit.WebViewCompat.addDocumentStartJavaScript(android.webkit.WebView, java.lang.String, java.util.Set) (WebViewCompat.java:851)
04-17 13:11:06.812 18276 18276 I onsai.workspac:   at void com.bonsai.workspace.RustWebView.<init>(android.content.Context, java.lang.String[], java.lang.String) (RustWebView.kt:35)
04-17 13:11:06.812 18276 18276 I onsai.workspac:   at void android.os.MessageQueue.nativePollOnce(long, int) (MessageQueue.java:-2)
04-17 13:11:06.812 18276 18276 I onsai.workspac:   at android.os.Message android.os.MessageQueue.next() (MessageQueue.java:326)
04-17 13:11:06.812 18276 18276 I onsai.workspac:   at void android.os.Looper.loop() (Looper.java:178)
04-17 13:11:06.812 18276 18276 I onsai.workspac:   at void android.app.ActivityThread.main(java.lang.String[]) (ActivityThread.java:6775)
04-17 13:11:06.812 18276 18276 I onsai.workspac:   at java.lang.Object java.lang.reflect.Method.invoke(java.lang.Object, java.lang.Object[]) (Method.java:-2)
04-17 13:11:06.813 18276 18276 I onsai.workspac:   at void com.android.internal.os.RuntimeInit$MethodAndArgsCaller.run() (RuntimeInit.java:493)
04-17 13:11:06.813 18276 18276 I onsai.workspac:   at void com.android.internal.os.ZygoteInit.main(java.lang.String[]) (ZygoteInit.java:858)
04-17 13:11:06.813 18276 18276 I onsai.workspac: 
04-17 13:11:06.813 18276 18276 I onsai.workspac: Rejecting re-init on previously-failed class java.lang.Class<androidx.webkit.internal.WebViewRenderProcessClientFrameworkAdapter>: java.lang.NoClassDefFoundError: Failed resolution of: Landroid/webkit/WebViewRenderProcessClient;
04-17 13:11:06.813 18276 18276 I onsai.workspac:   at androidx.webkit.ScriptHandler androidx.webkit.WebViewCompat.addDocumentStartJavaScript(android.webkit.WebView, java.lang.String, java.util.Set) (WebViewCompat.java:851)
04-17 13:11:06.813 18276 18276 I onsai.workspac:   at void com.bonsai.workspace.RustWebView.<init>(android.content.Context, java.lang.String[], java.lang.String) (RustWebView.kt:35)
04-17 13:11:06.813 18276 18276 I onsai.workspac:   at void android.os.MessageQueue.nativePollOnce(long, int) (MessageQueue.java:-2)
04-17 13:11:06.813 18276 18276 I onsai.workspac:   at android.os.Message android.os.MessageQueue.next() (MessageQueue.java:326)
04-17 13:11:06.813 18276 18276 I onsai.workspac:   at void android.os.Looper.loop() (Looper.java:178)
04-17 13:11:06.813 18276 18276 I onsai.workspac:   at void android.app.ActivityThread.main(java.lang.String[]) (ActivityThread.java:6775)
04-17 13:11:06.813 18276 18276 I onsai.workspac:   at java.lang.Object java.lang.reflect.Method.invoke(java.lang.Object, java.lang.Object[]) (Method.java:-2)
04-17 13:11:06.813 18276 18276 I onsai.workspac:   at void com.android.internal.os.RuntimeInit$MethodAndArgsCaller.run() (RuntimeInit.java:493)
04-17 13:11:06.813 18276 18276 I onsai.workspac:   at void com.android.internal.os.ZygoteInit.main(java.lang.String[]) (ZygoteInit.java:858)
04-17 13:11:06.813 18276 18276 I onsai.workspac: Caused by: java.lang.ClassNotFoundException: Didn't find class "android.webkit.WebViewRenderProcessClient" on path: DexPathList[[zip file "/data/app/com.bonsai.workspace-cr07DNjdxjcSTavyEKoXcw==/base.apk"],nativeLibraryDirectories=[/data/app/com.bonsai.workspace-cr07DNjdxjcSTavyEKoXcw==/lib/arm64, /data/app/com.bonsai.workspace-cr07DNjdxjcSTavyEKoXcw==/base.apk!/lib/arm64-v8a, /system/lib64]]
04-17 13:11:06.813 18276 18276 I onsai.workspac:   at java.lang.Class dalvik.system.BaseDexClassLoader.findClass(java.lang.String) (BaseDexClassLoader.java:134)
04-17 13:11:06.813 18276 18276 I onsai.workspac:   at java.lang.Class java.lang.ClassLoader.loadClass(java.lang.String, boolean) (ClassLoader.java:379)
04-17 13:11:06.813 18276 18276 I onsai.workspac:   at java.lang.Class java.lang.ClassLoader.loadClass(java.lang.String) (ClassLoader.java:312)
04-17 13:11:06.813 18276 18276 I onsai.workspac:   at androidx.webkit.ScriptHandler androidx.webkit.WebViewCompat.addDocumentStartJavaScript(android.webkit.WebView, java.lang.String, java.util.Set) (WebViewCompat.java:851)
04-17 13:11:06.813 18276 18276 I onsai.workspac:   at void com.bonsai.workspace.RustWebView.<init>(android.content.Context, java.lang.String[], java.lang.String) (RustWebView.kt:35)
04-17 13:11:06.813 18276 18276 I onsai.workspac:   at void android.os.MessageQueue.nativePollOnce(long, int) (MessageQueue.java:-2)
04-17 13:11:06.813 18276 18276 I onsai.workspac:   at android.os.Message android.os.MessageQueue.next() (MessageQueue.java:326)
04-17 13:11:06.813 18276 18276 I onsai.workspac:   at void android.os.Looper.loop() (Looper.java:178)
04-17 13:11:06.813 18276 18276 I onsai.workspac:   at void android.app.ActivityThread.main(java.lang.String[]) (ActivityThread.java:6775)
04-17 13:11:06.813 18276 18276 I onsai.workspac:   at java.lang.Object java.lang.reflect.Method.invoke(java.lang.Object, java.lang.Object[]) (Method.java:-2)
04-17 13:11:06.813 18276 18276 I onsai.workspac:   at void com.android.internal.os.RuntimeInit$MethodAndArgsCaller.run() (RuntimeInit.java:493)
04-17 13:11:06.813 18276 18276 I onsai.workspac:   at void com.android.internal.os.ZygoteInit.main(java.lang.String[]) (ZygoteInit.java:858)
04-17 13:11:06.813 18276 18276 I onsai.workspac: 
04-17 13:11:06.831   637  1028 W Process : Unable to open /proc/0/status
04-17 13:11:06.848   637   657 I ActivityManager: Start proc 18350:com.google.android.gms.persistent/u0a204 for service com.google.android.gms/.chimera.PersistentDirectBootAwareApiService
04-17 13:11:06.857 18350 18356 I .gms.persisten: Bumping SignalCatcher priority from 5 to 10
04-17 13:11:06.857 18276 18276 I cr_AWVDeploymentClient: onServiceConnected
04-17 13:11:06.857 18350 18350 E .gms.persisten: Not starting debugger since process cannot load the jdwp agent.
04-17 13:11:06.858 10686 10686 I AWVArcusService: handleMessage
04-17 13:11:06.864 10686 18361 I AWVArcusService: ConfigurationSyncCallback::onThrottle
04-17 13:11:06.864 10686 18361 I AWVArcusService: notifyClients
04-17 13:11:06.865 10686 10686 I AWVArcusService: handleMessage
04-17 13:11:06.888 18350 18350 I .gms.persisten: The ClassLoaderContext is a special shared library.
04-17 13:11:06.890 18350 18350 I chatty  : uid=10204(com.google.android.gms) identical 1 line
04-17 13:11:06.892 18350 18350 I .gms.persisten: The ClassLoaderContext is a special shared library.
04-17 13:11:06.922 18276 18276 V Tauri/Plugin: Tauri plugin: pluginId: path, command: getDataDir
04-17 13:11:06.930 18276 18276 I AWVMetricsFramework.Event: Command switch for Minerva is enabled
04-17 13:11:06.942 18276 18276 W onsai.workspac: Accessing hidden method Landroid/os/Trace;->traceCounter(JLjava/lang/String;I)V (light greylist, reflection)
04-17 13:11:06.980 18350 18350 W .gms.persisten: JIT profile information will not be recorded: profile file does not exits.
04-17 13:11:06.980 18350 18350 W .gms.persisten: JIT profile information will not be recorded: profile file does not exits.
04-17 13:11:06.986 18350 18350 W .gms.persisten: Unknown chunk type '200'.
04-17 13:11:06.986 18350 18350 I chatty  : uid=10204(com.google.android.gms) identical 1 line
04-17 13:11:06.986 18350 18350 W .gms.persisten: Unknown chunk type '200'.
04-17 13:11:07.033 18276 18276 V Tauri/Plugin: Tauri plugin: pluginId: path, command: getDataDir
04-17 13:11:07.066 18350 18350 I Safeboot: Checking safeboot...
04-17 13:11:07.066 18276 18276 V Tauri/Plugin: Tauri plugin: pluginId: path, command: getDataDir
04-17 13:11:07.071 18350 18350 W SQLiteCompatibilityWalFlags: Cannot read global setting sqlite_compatibility_wal_flags - Application state not available
04-17 13:11:07.071 18276 18276 V Tauri/Plugin: Tauri plugin: pluginId: path, command: getDataDir
04-17 13:11:07.074 18276 18276 V Tauri/Plugin: Tauri plugin: pluginId: path, command: getDataDir
04-17 13:11:07.081 18276 18276 W chromium: [WARNING:gpu_process_host.cc(557)] Get: kind: 1, force_create: 1
04-17 13:11:07.081 18276 18276 W chromium: [WARNING:gpu_process_host.cc(719)] GpuProcessHost: In process: 1, kind: 1
04-17 13:11:07.081 18276 18276 W chromium: [WARNING:gpu_process_host.cc(739)] GpuProcessHost: Creating BrowserChildProcessHostImpl of PROCESS_TYPE_GPU
04-17 13:11:07.081 18276 18298 I RustStdoutStderr: [WARNING:gpu_process_host.cc(557)] Get: kind: 1, force_create: 1
04-17 13:11:07.082 18276 18298 I RustStdoutStderr: [WARNING:gpu_process_host.cc(719)] GpuProcessHost: In process: 1, kind: 1
04-17 13:11:07.082 18276 18298 I RustStdoutStderr: [WARNING:gpu_process_host.cc(739)] GpuProcessHost: Creating BrowserChildProcessHostImpl of PROCESS_TYPE_GPU
04-17 13:11:07.082 18276 18276 W chromium: [WARNING:gpu_process_host.cc(877)] Init
04-17 13:11:07.082 18276 18298 I RustStdoutStderr: [WARNING:gpu_process_host.cc(877)] Init
04-17 13:11:07.087 18276 18276 W chromium: [WARNING:child_process_launcher.cc(114)] ChildProcessLauncher
04-17 13:11:07.087 18276 18298 I RustStdoutStderr: [WARNING:child_process_launcher.cc(114)] ChildProcessLauncher
04-17 13:11:07.096 18276 18314 W cr_ChildProcLauncher: start: setupConnection: true
04-17 13:11:07.098 18276 18276 W chromium: [WARNING:browser_gpu_channel_host_factory.cc(347)] EstablishGpuChannel: sync: 0
04-17 13:11:07.098 18276 18276 W chromium: [WARNING:gpu_process_host.cc(557)] Get: kind: 1, force_create: 1
04-17 13:11:07.098 18276 18298 I RustStdoutStderr: [WARNING:browser_gpu_channel_host_factory.cc(347)] EstablishGpuChannel: sync: 0
04-17 13:11:07.098 18276 18298 I RustStdoutStderr: [WARNING:gpu_process_host.cc(557)] Get: kind: 1, force_create: 1
04-17 13:11:07.098 18276 18276 W chromium: [WARNING:browser_gpu_channel_host_factory.cc(453)] RestartTimeout
04-17 13:11:07.099 18276 18298 I RustStdoutStderr: [WARNING:browser_gpu_channel_host_factory.cc(453)] RestartTimeout
04-17 13:11:07.105 18276 18338 W cr_media: registerBluetoothIntentsIfNeeded: Requires BLUETOOTH permission
04-17 13:11:07.108 18276 18377 E GED     : Failed to get GED Log Buf, err(0)
04-17 13:11:07.111 18350 18350 W ProviderHelper: Unknown dynamite feature providerinstaller.dynamite
04-17 13:11:07.111 18350 18350 I DynamiteModule: Considering local module com.google.android.gms.providerinstaller.dynamite:1 and remote module com.google.android.gms.providerinstaller.dynamite:0
04-17 13:11:07.111 18350 18350 I DynamiteModule: Selected local version of com.google.android.gms.providerinstaller.dynamite
04-17 13:11:07.118 18276 18314 W cr_ChildProcLauncher: on connect callback, pid=18315
04-17 13:11:07.119 18276 18377 I ConfigStore: android::hardware::configstore::V1_0::ISurfaceFlingerConfigs::hasWideColorDisplay retrieved: 0
04-17 13:11:07.120 18276 18377 I ConfigStore: android::hardware::configstore::V1_0::ISurfaceFlingerConfigs::hasHDRDisplay retrieved: 0
04-17 13:11:07.127 18315 18336 I cr_LibraryLoader: Successfully loaded native library
04-17 13:11:07.127 18350 18350 V NativeCrypto: Registering com/google/android/gms/org/conscrypt/NativeCrypto's 336 native methods...
04-17 13:11:07.130 18276 18276 W chromium: [WARNING:gpu_process_host.cc(557)] Get: kind: 1, force_create: 0
04-17 13:11:07.130 18276 18298 I RustStdoutStderr: [WARNING:gpu_process_host.cc(557)] Get: kind: 1, force_create: 0
04-17 13:11:07.131 18276 18276 W chromium: [WARNING:child_process_launcher.cc(174)] Notifying client that process launched successfully
04-17 13:11:07.131 18276 18298 I RustStdoutStderr: [WARNING:child_process_launcher.cc(174)] Notifying client that process launched successfully
04-17 13:11:07.131 18276 18276 W chromium: [WARNING:gpu_process_host.cc(557)] Get: kind: 1, force_create: 1
04-17 13:11:07.132 18276 18298 I RustStdoutStderr: [WARNING:gpu_process_host.cc(557)] Get: kind: 1, force_create: 1
04-17 13:11:07.142 18315 18336 I cr_CachingUmaRecorder: Flushed 2 samples from 2 histograms.
04-17 13:11:07.145 18315 18336 W chromium: [WARNING:content_main.cc(181)] RunContentProcess
04-17 13:11:07.152 18276 18276 E cr_AWVDeploymentClient: Chromium Version = v114 key doesn't exist. So, default version config will be used.
04-17 13:11:07.153 18276 18276 E cr_AWVDeploymentClient: Default device config doesn't exist
04-17 13:11:07.155 18276 18276 E cr_AWVDeploymentClient: Chromium Version = v114 key doesn't exist. So, default version config will be used.
04-17 13:11:07.156 18276 18276 E cr_AWVDeploymentClient: Default device config doesn't exist
04-17 13:11:07.156 18276 18276 I WebViewExtAmazonConfig: Appending switch hide-keyboard-on-ime-go
04-17 13:11:07.156 18276 18276 I WebViewExtAmazonConfig: Saving renderer process switch key=hide-keyboard-on-ime-go value=
04-17 13:11:07.157 18276 18276 I WebViewExtAmazonConfig: Appending switch remove-text-selection-handle-keyboard
04-17 13:11:07.157 18276 18276 I WebViewExtAmazonConfig: Saving renderer process switch key=remove-text-selection-handle-keyboard value=
04-17 13:11:07.157 18276 18276 I WebViewExtAmazonConfig: Appending switch awv-enable-decoder-selection-by-name
04-17 13:11:07.157 18276 18276 I WebViewExtAmazonConfig: Saving renderer process switch key=awv-enable-decoder-selection-by-name value=
04-17 13:11:07.157 18276 18276 I WebViewExtAmazonConfig: Appending switch set-engine-options-allow-list with value --enable-awv-mode,--enable-system-key-events-processing,--disable-audio-focus-handling,--enable-devtools-experiments
04-17 13:11:07.157 18276 18276 I WebViewExtAmazonConfig: Saving renderer process switch key=set-engine-options-allow-list value=--enable-awv-mode,--enable-system-key-events-processing,--disable-audio-focus-handling,--enable-devtools-experiments
04-17 13:11:07.159 18276 18276 I cr_AWVDeploymentClient: disconnectRemote
04-17 13:11:07.172 18276 18276 W chromium: [WARNING:browser_gpu_channel_host_factory.cc(347)] EstablishGpuChannel: sync: 0
04-17 13:11:07.173 18276 18298 I RustStdoutStderr: [WARNING:browser_gpu_channel_host_factory.cc(347)] EstablishGpuChannel: sync: 0
04-17 13:11:07.180 18350 18350 D NetworkSecurityConfig: Using Network Security Config from resource network_security_config debugBuild: false
04-17 13:11:07.183 18350 18350 I ProviderInstaller: Installed default security provider GmsCore_OpenSSL
04-17 13:11:07.187 18350 18350 I .gms.persisten: Note: end time exceeds INT32_MAX: 2147483647
04-17 13:11:07.188 18315 18336 W SystemServiceRegistry: No service published for: uimode
04-17 13:11:07.206 18276 18276 W chromium: [WARNING:gpu_process_host.cc(557)] Get: kind: 1, force_create: 0
04-17 13:11:07.206 18276 18298 I RustStdoutStderr: [WARNING:gpu_process_host.cc(557)] Get: kind: 1, force_create: 0
04-17 13:11:07.207 18276 18276 W chromium: [WARNING:browser_child_process_host_impl.cc(433)] Process connected. Is launched: 0
04-17 13:11:07.207 18276 18298 I RustStdoutStderr: [WARNING:browser_child_process_host_impl.cc(433)] Process connected. Is launched: 0
04-17 13:11:07.219 18350 18401 I GmsApplication: Registering the BackgroundBroadcastReceiverSupport receiver.
04-17 13:11:07.222 18276 18276 I AWVMetricsFramework.Event: Command switch for Minerva is enabled
04-17 13:11:07.265 18350 18350 D BoundBrokerSvc: onBind: Intent { act=com.google.android.gms.usagereporting.service.START (has data) cmp=com.google.android.gms/.chimera.PersistentDirectBootAwareApiService }
04-17 13:11:07.265 18350 18350 D BoundBrokerSvc: Loading bound service for intent: Intent { act=com.google.android.gms.usagereporting.service.START (has data) cmp=com.google.android.gms/.chimera.PersistentDirectBootAwareApiService }
04-17 13:11:07.269 18350 18350 W .gms.persisten: Accessing hidden method Landroid/os/UserManager;->isGuestUser()Z (dark greylist, linking)
04-17 13:11:07.277 18276 18276 W chromium: [WARNING:gpu_process_host.cc(557)] Get: kind: 1, force_create: 1
04-17 13:11:07.277 18276 18298 I RustStdoutStderr: [WARNING:gpu_process_host.cc(557)] Get: kind: 1, force_create: 1
04-17 13:11:07.277 18276 18276 W chromium: [WARNING:browser_gpu_channel_host_factory.cc(185)] OnEstablished
04-17 13:11:07.278 18276 18276 W chromium: [WARNING:gpu_channel_host.cc(49)] GpuChannelHost
04-17 13:11:07.278 18276 18298 I RustStdoutStderr: [WARNING:browser_gpu_channel_host_factory.cc(185)] OnEstablished
04-17 13:11:07.278 18276 18298 I RustStdoutStderr: [WARNING:gpu_channel_host.cc(49)] GpuChannelHost
04-17 13:11:07.278 18276 18276 W chromium: [WARNING:browser_gpu_channel_host_factory.cc(228)] FinishOnMain
04-17 13:11:07.278 18276 18298 I RustStdoutStderr: [WARNING:browser_gpu_channel_host_factory.cc(228)] FinishOnMain
04-17 13:11:07.278 18276 18276 W chromium: [WARNING:browser_gpu_channel_host_factory.cc(442)] GpuChannelEstablished
04-17 13:11:07.278 18276 18298 I RustStdoutStderr: [WARNING:browser_gpu_channel_host_factory.cc(442)] GpuChannelEstablished
04-17 13:11:07.278 18276 18276 W chromium: [WARNING:gpu_process_host.cc(557)] Get: kind: 1, force_create: 1
04-17 13:11:07.278 18276 18298 I RustStdoutStderr: [WARNING:gpu_process_host.cc(557)] Get: kind: 1, force_create: 1
04-17 13:11:07.296 18350 18401 I GmsReceiverSupport: Registered Receiver for 14+1 IntentFilters
04-17 13:11:07.299 18350 18350 D BoundBrokerSvc: onBind: Intent { act=com.google.android.gms.phenotype.service.START (has data) cmp=com.google.android.gms/.chimera.PersistentApiService }
04-17 13:11:07.299 18350 18350 D BoundBrokerSvc: Loading bound service for intent: Intent { act=com.google.android.gms.phenotype.service.START (has data) cmp=com.google.android.gms/.chimera.PersistentApiService }
04-17 13:11:07.307 18350 18350 D BoundBrokerSvc: onBind: Intent { act=com.google.android.gms.scheduler.ACTION_PROXY_SCHEDULE (has data) cmp=com.google.android.gms/.chimera.PersistentDirectBootAwareApiService }
04-17 13:11:07.307 18350 18350 D BoundBrokerSvc: Loading bound service for intent: Intent { act=com.google.android.gms.scheduler.ACTION_PROXY_SCHEDULE (has data) cmp=com.google.android.gms/.chimera.PersistentDirectBootAwareApiService }
04-17 13:11:07.308 18350 18401 I Watchcat: Started
04-17 13:11:07.318 18350 18401 I GMS_MM_Logger: (REDACTED) Start time: %s
04-17 13:11:07.319 18350 18401 I GMS_MM_Logger: Started.
04-17 13:11:07.320   637   648 W ActivityManager: Background start not allowed: service Intent { act=com.google.android.gms.common.broadcast.DELIVER_BROADCAST cat=[targeted_intent_op_prefix:.common.broadcast.BackgroundBroadcastReceiverSupport$PersistentReceiverIntentOperation] cmp=com.google.android.gms/.chimera.PersistentIntentOperationService (has extras) } to com.google.android.gms/.chimera.PersistentIntentOperationService from pid=18350 uid=10204 pkg=com.google.android.gms startFg?=false
04-17 13:11:07.327 18350 18413 E GmsContextWrapper: /system/etc/sysconfig/google.xml must have <allow-in-power-save package="com.google.android.gms"/>.
04-17 13:11:07.339 18350 18413 E GmsContextWrapper: Unable to re-add to doze whitelist
04-17 13:11:07.339 18350 18413 E GmsContextWrapper: java.lang.SecurityException: No permission to change device idle whitelist: uid 10204 does not have android.permission.CHANGE_DEVICE_IDLE_TEMP_WHITELIST.
04-17 13:11:07.339 18350 18413 E GmsContextWrapper: 	at android.os.Parcel.createException(Parcel.java:1951)
04-17 13:11:07.339 18350 18413 E GmsContextWrapper: 	at android.os.Parcel.readException(Parcel.java:1919)
04-17 13:11:07.339 18350 18413 E GmsContextWrapper: 	at android.os.Parcel.readException(Parcel.java:1869)
04-17 13:11:07.339 18350 18413 E GmsContextWrapper: 	at android.app.usage.IUsageStatsManager$Stub$Proxy.whitelistAppTemporarily(IUsageStatsManager.java:607)
04-17 13:11:07.339 18350 18413 E GmsContextWrapper: 	at android.app.usage.UsageStatsManager.whitelistAppTemporarily(UsageStatsManager.java:712)
04-17 13:11:07.339 18350 18413 E GmsContextWrapper: 	at bycs.a(:com.google.android.gms@261332013@26.13.32 (100400-895912391):34)
04-17 13:11:07.339 18350 18413 E GmsContextWrapper: 	at com.google.android.gms.common.app.GmsApplication.startService(:com.google.android.gms@261332013@26.13.32 (100400-895912391):6)
04-17 13:11:07.339 18350 18413 E GmsContextWrapper: 	at bggd.a(:com.google.android.gms@261332013@26.13.32 (100400-895912391):122)
04-17 13:11:07.339 18350 18413 E GmsContextWrapper: 	at bggc.run(:com.google.android.gms@261332013@26.13.32 (100400-895912391):178)
04-17 13:11:07.339 18350 18413 E GmsContextWrapper: 	at bhkm.c(:com.google.android.gms@261332013@26.13.32 (100400-895912391):50)
04-17 13:11:07.339 18350 18413 E GmsContextWrapper: 	at bhkm.run(:com.google.android.gms@261332013@26.13.32 (100400-895912391):73)
04-17 13:11:07.339 18350 18413 E GmsContextWrapper: 	at java.util.concurrent.ThreadPoolExecutor.runWorker(ThreadPoolExecutor.java:1167)
04-17 13:11:07.339 18350 18413 E GmsContextWrapper: 	at java.util.concurrent.ThreadPoolExecutor$Worker.run(ThreadPoolExecutor.java:641)
04-17 13:11:07.339 18350 18413 E GmsContextWrapper: 	at bhqd.run(:com.google.android.gms@261332013@26.13.32 (100400-895912391):8)
04-17 13:11:07.339 18350 18413 E GmsContextWrapper: 	at java.lang.Thread.run(Thread.java:764)
04-17 13:11:07.339 18350 18413 E GmsContextWrapper: Caused by: android.os.RemoteException: Remote stack trace:
04-17 13:11:07.339 18350 18413 E GmsContextWrapper: 	at android.app.ContextImpl.enforce(ContextImpl.java:1861)
04-17 13:11:07.339 18350 18413 E GmsContextWrapper: 	at android.app.ContextImpl.enforceCallingPermission(ContextImpl.java:1879)
04-17 13:11:07.339 18350 18413 E GmsContextWrapper: 	at com.android.server.DeviceIdleController.addPowerSaveTempWhitelistAppChecked(DeviceIdleController.java:1794)
04-17 13:11:07.339 18350 18413 E GmsContextWrapper: 	at com.android.server.DeviceIdleController$BinderService.addPowerSaveTempWhitelistApp(DeviceIdleController.java:1275)
04-17 13:11:07.339 18350 18413 E GmsContextWrapper: 	at com.android.server.usage.UsageStatsService$BinderService.whitelistAppTemporarily(UsageStatsService.java:1090)
04-17 13:11:07.339 18350 18413 E GmsContextWrapper: 
04-17 13:11:07.340   637  1028 W ActivityManager: Background start not allowed: service Intent { act=com.google.android.gms.common.broadcast.DELIVER_BROADCAST cat=[targeted_intent_op_prefix:.common.broadcast.BackgroundBroadcastReceiverSupport$PersistentReceiverIntentOperation] cmp=com.google.android.gms/.chimera.PersistentIntentOperationService (has extras) } to com.google.android.gms/.chimera.PersistentIntentOperationService from pid=18350 uid=10204 pkg=com.google.android.gms startFg?=false
04-17 13:11:07.345 18350 18413 E GmsContextWrapper: Google Play services is unable to start a service. Exiting.
04-17 13:11:07.345 18350 18413 E GmsContextWrapper: java.lang.IllegalStateException: Not allowed to start service Intent { act=com.google.android.gms.common.broadcast.DELIVER_BROADCAST cat=[targeted_intent_op_prefix:.common.broadcast.BackgroundBroadcastReceiverSupport$PersistentReceiverIntentOperation] cmp=com.google.android.gms/.chimera.PersistentIntentOperationService (has extras) }: app is in background uid UidRecord{19d4803 u0a204 SVC  bg:+4m52s965ms idle change:uncached procs:4 seq(0,0,0)}
04-17 13:11:07.345 18350 18413 E GmsContextWrapper: 	at android.app.ContextImpl.startServiceCommon(ContextImpl.java:1621)
04-17 13:11:07.345 18350 18413 E GmsContextWrapper: 	at android.app.ContextImpl.startService(ContextImpl.java:1576)
04-17 13:11:07.345 18350 18413 E GmsContextWrapper: 	at android.content.ContextWrapper.startService(ContextWrapper.java:664)
04-17 13:11:07.345 18350 18413 E GmsContextWrapper: 	at com.google.android.gms.common.app.GmsApplication.a(:com.google.android.gms@261332013@26.13.32 (100400-895912391):1)
04-17 13:11:07.345 18350 18413 E GmsContextWrapper: 	at bfxl.apply(:com.google.android.gms@261332013@26.13.32 (100400-895912391):5)
04-17 13:11:07.345 18350 18413 E GmsContextWrapper: 	at bycs.a(:com.google.android.gms@261332013@26.13.32 (100400-895912391):44)
04-17 13:11:07.345 18350 18413 E GmsContextWrapper: 	at com.google.android.gms.common.app.GmsApplication.startService(:com.google.android.gms@261332013@26.13.32 (100400-895912391):6)
04-17 13:11:07.345 18350 18413 E GmsContextWrapper: 	at bggd.a(:com.google.android.gms@261332013@26.13.32 (100400-895912391):122)
04-17 13:11:07.345 18350 18413 E GmsContextWrapper: 	at bggc.run(:com.google.android.gms@261332013@26.13.32 (100400-895912391):178)
04-17 13:11:07.345 18350 18413 E GmsContextWrapper: 	at bhkm.c(:com.google.android.gms@261332013@26.13.32 (100400-895912391):50)
04-17 13:11:07.345 18350 18413 E GmsContextWrapper: 	at bhkm.run(:com.google.android.gms@261332013@26.13.32 (100400-895912391):73)
04-17 13:11:07.345 18350 18413 E GmsContextWrapper: 	at java.util.concurrent.ThreadPoolExecutor.runWorker(ThreadPoolExecutor.java:1167)
04-17 13:11:07.345 18350 18413 E GmsContextWrapper: 	at java.util.concurrent.ThreadPoolExecutor$Worker.run(ThreadPoolExecutor.java:641)
04-17 13:11:07.345 18350 18413 E GmsContextWrapper: 	at bhqd.run(:com.google.android.gms@261332013@26.13.32 (100400-895912391):8)
04-17 13:11:07.345 18350 18413 E GmsContextWrapper: 	at java.lang.Thread.run(Thread.java:764)
04-17 13:11:07.345 18350 18413 I Process : Sending signal. PID: 18350 SIG: 9
04-17 13:11:07.404   637   648 I ActivityManager: Process com.google.android.gms.persistent (pid 18350) has died: fore SVC 
04-17 13:11:07.404 12027 12074 W GmsClient: IGmsServiceBroker.getService failed
04-17 13:11:07.404 12027 12074 W GmsClient: android.os.DeadObjectException
04-17 13:11:07.404 12027 12074 W GmsClient: 	at android.os.BinderProxy.transactNative(Native Method)
04-17 13:11:07.404 12027 12074 W GmsClient: 	at android.os.BinderProxy.transact(Binder.java:1129)
04-17 13:11:07.404 12027 12074 W GmsClient: 	at bgqy.a(:com.google.android.gms@261332013@26.13.32 (100400-895912391):33)
04-17 13:11:07.404 12027 12074 W GmsClient: 	at bgoz.z(:com.google.android.gms@261332013@26.13.32 (100400-895912391):167)
04-17 13:11:07.404 12027 12074 W GmsClient: 	at bfva.run(:com.google.android.gms@261332013@26.13.32 (100400-895912391):42)
04-17 13:11:07.404 12027 12074 W GmsClient: 	at android.os.Handler.handleCallback(Handler.java:873)
04-17 13:11:07.404 12027 12074 W GmsClient: 	at android.os.Handler.dispatchMessage(Handler.java:99)
04-17 13:11:07.404 12027 12074 W GmsClient: 	at cucq.mj(:com.google.android.gms@261332013@26.13.32 (100400-895912391):1)
04-17 13:11:07.404 12027 12074 W GmsClient: 	at cucq.dispatchMessage(:com.google.android.gms@261332013@26.13.32 (100400-895912391):140)
04-17 13:11:07.404 12027 12074 W GmsClient: 	at android.os.Looper.loop(Looper.java:211)
04-17 13:11:07.404 12027 12074 W GmsClient: 	at android.os.HandlerThread.run(HandlerThread.java:65)
04-17 13:11:07.404   637   658 W libprocessgroup: kill(-18350, 9) failed: No such process
04-17 13:11:07.405   637   658 I libprocessgroup: Successfully killed process cgroup uid 10204 pid 18350 in 0ms
04-17 13:11:07.405 18276 18326 I ActivityThread: Removing dead content provider:android.content.ContentProviderProxy@df8efee
04-17 13:11:07.405 12027 12074 W GmsClient: IGmsServiceBroker.getService failed
04-17 13:11:07.405 12027 12074 W GmsClient: android.os.DeadObjectException
04-17 13:11:07.405 12027 12074 W GmsClient: 	at android.os.BinderProxy.transactNative(Native Method)
04-17 13:11:07.405 12027 12074 W GmsClient: 	at android.os.BinderProxy.transact(Binder.java:1129)
04-17 13:11:07.405 12027 12074 W GmsClient: 	at bgqy.a(:com.google.android.gms@261332013@26.13.32 (100400-895912391):33)
04-17 13:11:07.405 12027 12074 W GmsClient: 	at bgoz.z(:com.google.android.gms@261332013@26.13.32 (100400-895912391):167)
04-17 13:11:07.405 12027 12074 W GmsClient: 	at bfva.run(:com.google.android.gms@261332013@26.13.32 (100400-895912391):42)
04-17 13:11:07.405 12027 12074 W GmsClient: 	at android.os.Handler.handleCallback(Handler.java:873)
04-17 13:11:07.405 12027 12074 W GmsClient: 	at android.os.Handler.dispatchMessage(Handler.java:99)
04-17 13:11:07.405 12027 12074 W GmsClient: 	at cucq.mj(:com.google.android.gms@261332013@26.13.32 (100400-895912391):1)
04-17 13:11:07.405 12027 12074 W GmsClient: 	at cucq.dispatchMessage(:com.google.android.gms@261332013@26.13.32 (100400-895912391):140)
04-17 13:11:07.405 12027 12074 W GmsClient: 	at android.os.Looper.loop(Looper.java:211)
04-17 13:11:07.405 12027 12074 W GmsClient: 	at android.os.HandlerThread.run(HandlerThread.java:65)
04-17 13:11:07.406   637   648 W ActivityManager: Scheduling restart of crashed service com.google.android.gms/.chimera.PersistentDirectBootAwareApiService in 1000ms
04-17 13:11:07.406   349   349 I Zygote  : Process 18350 exited due to signal 9 (Killed)
04-17 13:11:07.407   637   648 W ActivityManager: Scheduling restart of crashed service com.google.android.gms/.chimera.PersistentApiService in 11000ms
04-17 13:11:07.418   637  2445 W Process : Unable to open /proc/0/status
04-17 13:11:07.433   637   657 I ActivityManager: Start proc 18418:com.google.android.gms.persistent/u0a204 for content provider com.google.android.gms/.fonts.provider.FontsProvider
04-17 13:11:07.439 18418 18418 E .gms.persisten: Not starting debugger since process cannot load the jdwp agent.
04-17 13:11:07.440 18418 18424 I .gms.persisten: Bumping SignalCatcher priority from 5 to 10
04-17 13:11:07.445   914   914 E ...ultipleAccountsLogic: No account mapping found for any account, returning null
04-17 13:11:07.445   914   914 W BSTN_MapClient: empty account, retry in 1000
04-17 13:11:07.489 18418 18418 I .gms.persisten: The ClassLoaderContext is a special shared library.
04-17 13:11:07.491 18418 18418 I chatty  : uid=10204(com.google.android.gms) android.process.media identical 1 line
04-17 13:11:07.492 18418 18418 I .gms.persisten: The ClassLoaderContext is a special shared library.
04-17 13:11:07.519 18276 18344 W VideoCapabilities: Unrecognized profile 4 for video/hevc
04-17 13:11:07.530 18276 18344 W VideoCapabilities: Unrecognized profile/level 1/32 for video/mp4v-es
04-17 13:11:07.530 18276 18344 W VideoCapabilities: Unrecognized profile/level 32768/2 for video/mp4v-es
04-17 13:11:07.531 18276 18344 W VideoCapabilities: Unrecognized profile/level 32768/64 for video/mp4v-es
04-17 13:11:07.535   464   464 I thermal_repeater: socket -1
04-17 13:11:07.581 18418 18418 W .gms.persisten: JIT profile information will not be recorded: profile file does not exits.
04-17 13:11:07.581 18418 18418 W .gms.persisten: JIT profile information will not be recorded: profile file does not exits.
04-17 13:11:07.587 18418 18418 W .gms.persisten: Unknown chunk type '200'.
04-17 13:11:07.587 18418 18418 I chatty  : uid=10204(com.google.android.gms) android.process.media identical 1 line
04-17 13:11:07.587 18418 18418 W .gms.persisten: Unknown chunk type '200'.
04-17 13:11:07.592 18276 18344 W VideoCapabilities: Unrecognized profile/level 1/32 for video/mp4v-es
04-17 13:11:07.596 18276 18344 I VideoCapabilities: Unsupported profile 4 for video/mp4v-es
04-17 13:11:07.616 18276 18344 W cr_VAUtil: Unknown profile: 1 or level: 2 for codec video/avc
04-17 13:11:07.617 18276 18344 W cr_VAUtil: Unknown profile: 65536 or level: 2 for codec video/avc
04-17 13:11:07.617 18276 18344 W cr_VAUtil: Unknown profile: 2 or level: 2 for codec video/avc
04-17 13:11:07.617 18276 18344 W cr_VAUtil: Unknown profile: 8 or level: 2 for codec video/avc
04-17 13:11:07.618 18276 18344 W cr_VAUtil: Unknown profile: 524288 or level: 2 for codec video/avc
04-17 13:11:07.619 18276 18344 W cr_VAUtil: Unknown profile: 1 or level: 2 for codec video/avc
04-17 13:11:07.619 18276 18344 W cr_VAUtil: Unknown profile: 65536 or level: 2 for codec video/avc
04-17 13:11:07.619 18276 18344 W cr_VAUtil: Unknown profile: 2 or level: 2 for codec video/avc
04-17 13:11:07.619 18276 18344 W cr_VAUtil: Unknown profile: 8 or level: 2 for codec video/avc
04-17 13:11:07.620 18276 18344 W cr_VAUtil: Unknown profile: 524288 or level: 2 for codec video/avc
04-17 13:11:07.647 18276 18276 V Tauri/Plugin: Tauri plugin: pluginId: path, command: getDataDir
04-17 13:11:07.654 18276 18276 I chatty  : uid=10229(com.bonsai.workspace) android.process.media identical 1 line
04-17 13:11:07.666 18276 18276 V Tauri/Plugin: Tauri plugin: pluginId: path, command: getDataDir
04-17 13:11:07.671 18418 18418 I Safeboot: Checking safeboot...
04-17 13:11:07.671 18276 18298 I RustStdoutStderr: [api] Bonsai API server listening on http://127.0.0.1:11370
04-17 13:11:07.674 18276 18276 V Tauri/Plugin: Tauri plugin: pluginId: path, command: getDataDir
04-17 13:11:07.679 18276 18276 V Tauri/Plugin: Tauri plugin: pluginId: path, command: getDataDir
04-17 13:11:07.681 18418 18418 W SQLiteCompatibilityWalFlags: Cannot read global setting sqlite_compatibility_wal_flags - Application state not available
04-17 13:11:07.682 18276 18276 V Tauri/Plugin: Tauri plugin: pluginId: path, command: getDataDir
04-17 13:11:07.686  1758  1758 W tcpip-stack-eve: type=1400 audit(0.0:37332): avc: denied { read } for name="tcp" dev="proc" ino=4026532137 scontext=u:r:untrusted_app:s0:c187,c256,c512,c768 tcontext=u:object_r:proc_net_tcp_udp:s0 tclass=file permissive=0
04-17 13:11:07.686  1758  1758 W tcpip-stack-eve: type=1400 audit(0.0:37333): avc: denied { read } for name="tcp6" dev="proc" ino=4026533577 scontext=u:r:untrusted_app:s0:c187,c256,c512,c768 tcontext=u:object_r:proc_net_tcp_udp:s0 tclass=file permissive=0
04-17 13:11:07.691  1758  2197 E c       : 13:11:07.691 [logger-pool-5-thread-1] 13:11:07.691 [tcpip-stack-events-pool-104-thread-1-1158] 🟥 ERROR c — The error occurred while reading the '/proc/net/tcp' file
04-17 13:11:07.691  1758  2197 E c       : Error: java.io.FileNotFoundException: /proc/net/tcp (Permission denied)
04-17 13:11:07.691  1758  2197 E c       : Stacktrace:
04-17 13:11:07.691  1758  2197 E c       : java.io.FileNotFoundException: /proc/net/tcp (Permission denied)
04-17 13:11:07.691  1758  2197 E c       : 	at java.io.FileInputStream.open0(Native Method)
04-17 13:11:07.691  1758  2197 E c       : 	at java.io.FileInputStream.open(FileInputStream.java:231)
04-17 13:11:07.691  1758  2197 E c       : 	at java.io.FileInputStream.<init>(FileInputStream.java:165)
04-17 13:11:07.691  1758  2197 E c       : 	at p.c.k(ConnectionsManager.kt:5)
04-17 13:11:07.691  1758  2197 E c       : 	at p.c.j(ConnectionsManager.kt:114)
04-17 13:11:07.691  1758  2197 E c       : 	at p.c.f(ConnectionsManager.kt:26)
04-17 13:11:07.691  1758  2197 E c       : 	at S0.h.g(NativeStackEventsListener.kt:54)
04-17 13:11:07.691  1758  2197 E c       : 	at S0.h.onTcpConnectRequest(NativeStackEventsListener.kt:20)
04-17 13:11:07.691  1758  2197 E c       : 	at com.adguard.corelibs.tcpip.NativeTcpIpStackImpl$Callbacks$1.run(NativeTcpIpStackImpl.java:15)
04-17 13:11:07.691  1758  2197 E c       : 	at E2.p$b.a(ExecutorService.android.kt:5)
04-17 13:11:07.691  1758  2197 E c       : 	at E2.p$b.invoke(ExecutorService.android.kt:1)
04-17 13:11:07.691  1758  2197 E c       : 	at E2.p$g.invoke(ExecutorService.android.kt:3)
04-17 13:11:07.691  1758  2197 E c       : 	at E2.p.i(ExecutorService.android.kt:15)
04-17 13:11:07.691  1758  2197 E c       : 	at E2.p.b(ExecutorService.android.kt:1)
04-17 13:11:07.691  1758  2197 E c       : 	at E2.k.run(R8$$SyntheticClass:5)
04-17 13:11:07.691  1758  2197 E c       : 	at java.util.concurrent.Executors$RunnableAdapter.call(Executors.java:458)
04-17 13:11:07.691  1758  2197 E c       : 	at java.util.concurrent.FutureTask.run(FutureTask.java:266)
04-17 13:11:07.691  1758  2197 E c       : 	at java.util.concurrent.ScheduledThreadPoolExecutor$ScheduledFutureTask.run(ScheduledThreadPoolExecutor.java:301)
04-17 13:11:07.691  1758  2197 E c       : 	at java.util.concurrent.ThreadPoolExecutor.runWorker(ThreadPoolExecutor.java:1167)
04-17 13:11:07.691  1758  2197 E c       : 	at java.util.concurrent.ThreadPoolExecutor$Worker.run(ThreadPoolExecutor.java:641)
04-17 13:11:07.691  1758  2197 E c       : 	at java.lang.Thread.run(Thread.java:764)
04-17 13:11:07.691  1758  2197 E c       : 
04-17 13:11:07.691  1758  2197 E c       : 13:11:07.691 [logger-pool-5-thread-1] 13:11:07.691 [tcpip-stack-events-pool-104-thread-1-1158] 🟥 ERROR c — The error occurred while reading the '/proc/net/tcp6' file
04-17 13:11:07.691  1758  2197 E c       : Error: java.io.FileNotFoundException: /proc/net/tcp6 (Permission denied)
04-17 13:11:07.691  1758  2197 E c       : Stacktrace:
04-17 13:11:07.691  1758  2197 E c       : java.io.FileNotFoundException: /proc/net/tcp6 (Permission denied)
04-17 13:11:07.691  1758  2197 E c       : 	at java.io.FileInputStream.open0(Native Method)
04-17 13:11:07.691  1758  2197 E c       : 	at java.io.FileInputStream.open(FileInputStream.java:231)
04-17 13:11:07.691  1758  2197 E c       : 	at java.io.FileInputStream.<init>(FileInputStream.java:165)
04-17 13:11:07.691  1758  2197 E c       : 	at p.c.k(ConnectionsManager.kt:5)
04-17 13:11:07.691  1758  2197 E c       : 	at p.c.j(ConnectionsManager.kt:132)
04-17 13:11:07.691  1758  2197 E c       : 	at p.c.f(ConnectionsManager.kt:26)
04-17 13:11:07.691  1758  2197 E c       : 	at S0.h.g(NativeStackEventsListener.kt:54)
04-17 13:11:07.691  1758  2197 E c       : 	at S0.h.onTcpConnectRequest(NativeStackEventsListener.kt:20)
04-17 13:11:07.691  1758  2197 E c       : 	at com.adguard.corelibs.tcpip.NativeTcpIpStackImpl$Callbacks$1.run(NativeTcpIpStackImpl.java:15)
04-17 13:11:07.691  1758  2197 E c       : 	at E2.p$b.a(ExecutorService.android.kt:5)
04-17 13:11:07.691  1758  2197 E c       : 	at E2.p$b.invoke(ExecutorService.android.kt:1)
04-17 13:11:07.691  1758  2197 E c       : 	at E2.p$g.invoke(ExecutorService.android.kt:3)
04-17 13:11:07.691  1758  2197 E c       : 	at E2.p.i(ExecutorService.android.kt:15)
04-17 13:11:07.691  1758  2197 E c       : 	at E2.p.b(ExecutorService.android.kt:1)
04-17 13:11:07.691  1758  2197 E c       : 	at E2.k.run(R8$$SyntheticClass:5)
04-17 13:11:07.691  1758  2197 E c       : 	at java.util.concurrent.Executors$RunnableAdapter.call(Executors.java:458)
04-17 13:11:07.691  1758  2197 E c       : 	at java.util.concurrent.FutureTask.run(FutureTask.java:266)
04-17 13:11:07.691  1758  2197 E c       : 	at java.util.concurrent.ScheduledThreadPoolExecutor$ScheduledFutureTask.run(ScheduledThreadPoolExecutor.java:301)
04-17 13:11:07.691  1758  2197 E c       : 	at java.util.concurrent.ThreadPoolExecutor.runWorker(ThreadPoolExecutor.java:1167)
04-17 13:11:07.691  1758  2197 E c       : 	at java.util.concurrent.ThreadPoolExecutor$Worker.run(ThreadPoolExecutor.java:641)
04-17 13:11:07.691  1758  2197 E c       : 	at java.lang.Thread.run(Thread.java:764)
04-17 13:11:07.691  1758  2197 E c       : 
04-17 13:11:07.715 18418 18418 W ProviderHelper: Unknown dynamite feature providerinstaller.dynamite
04-17 13:11:07.716 18418 18418 I DynamiteModule: Considering local module com.google.android.gms.providerinstaller.dynamite:1 and remote module com.google.android.gms.providerinstaller.dynamite:0
04-17 13:11:07.716 18418 18418 I DynamiteModule: Selected local version of com.google.android.gms.providerinstaller.dynamite
04-17 13:11:07.727 18418 18418 V NativeCrypto: Registering com/google/android/gms/org/conscrypt/NativeCrypto's 336 native methods...
04-17 13:11:07.770 18418 18418 D NetworkSecurityConfig: Using Network Security Config from resource network_security_config debugBuild: false
04-17 13:11:07.772 18418 18418 I ProviderInstaller: Installed default security provider GmsCore_OpenSSL
04-17 13:11:07.774 18418 18418 I .gms.persisten: Note: end time exceeds INT32_MAX: 2147483647
04-17 13:11:07.789 18418 18451 I GmsApplication: Registering the BackgroundBroadcastReceiverSupport receiver.
04-17 13:11:07.797 18418 18432 W TracingHelper: No RequestContext found in the trace or trace not available. [CONTEXT service_id=259 ratelimit_count=1410065408 ]
04-17 13:11:07.803 18418 18418 D BoundBrokerSvc: onBind: Intent { act=com.google.android.gms.usagereporting.service.START (has data) cmp=com.google.android.gms/.chimera.PersistentDirectBootAwareApiService }
04-17 13:11:07.803 18418 18418 D BoundBrokerSvc: Loading bound service for intent: Intent { act=com.google.android.gms.usagereporting.service.START (has data) cmp=com.google.android.gms/.chimera.PersistentDirectBootAwareApiService }
04-17 13:11:07.810 18418 18418 W .gms.persisten: Accessing hidden method Landroid/os/UserManager;->isGuestUser()Z (dark greylist, linking)
04-17 13:11:07.820 18418 18451 I GmsReceiverSupport: Registered Receiver for 14+1 IntentFilters
04-17 13:11:07.824 18418 18451 I Watchcat: Started
04-17 13:11:07.826 18418 18418 D BoundBrokerSvc: onBind: Intent { act=com.google.android.gms.phenotype.service.START (has data) cmp=com.google.android.gms/.chimera.PersistentApiService }
04-17 13:11:07.826 18418 18418 D BoundBrokerSvc: Loading bound service for intent: Intent { act=com.google.android.gms.phenotype.service.START (has data) cmp=com.google.android.gms/.chimera.PersistentApiService }
04-17 13:11:07.837 18418 18432 I DynamiteModule: Considering local module com.google.android.gms.googlecertificates:7 and remote module com.google.android.gms.googlecertificates:0
04-17 13:11:07.837 18418 18432 I DynamiteModule: Selected local version of com.google.android.gms.googlecertificates
04-17 13:11:07.837 18418 18418 D BoundBrokerSvc: onBind: Intent { act=com.google.android.gms.scheduler.ACTION_PROXY_SCHEDULE (has data) cmp=com.google.android.gms/.chimera.PersistentDirectBootAwareApiService }
04-17 13:11:07.837 18418 18418 D BoundBrokerSvc: Loading bound service for intent: Intent { act=com.google.android.gms.scheduler.ACTION_PROXY_SCHEDULE (has data) cmp=com.google.android.gms/.chimera.PersistentDirectBootAwareApiService }
04-17 13:11:07.839 18418 18451 I GMS_MM_Logger: (REDACTED) Start time: %s
04-17 13:11:07.840 18418 18451 I GMS_MM_Logger: Started.
04-17 13:11:07.845   637  2445 W ActivityManager: Background start not allowed: service Intent { act=com.google.android.gms.common.broadcast.DELIVER_BROADCAST cat=[targeted_intent_op_prefix:.common.broadcast.BackgroundBroadcastReceiverSupport$PersistentReceiverIntentOperation] cmp=com.google.android.gms/.chimera.PersistentIntentOperationService (has extras) } to com.google.android.gms/.chimera.PersistentIntentOperationService from pid=18418 uid=10204 pkg=com.google.android.gms startFg?=false
04-17 13:11:07.848 18418 18456 E GmsContextWrapper: /system/etc/sysconfig/google.xml must have <allow-in-power-save package="com.google.android.gms"/>.
04-17 13:11:07.852 18418 18456 E GmsContextWrapper: Unable to re-add to doze whitelist
04-17 13:11:07.852 18418 18456 E GmsContextWrapper: java.lang.SecurityException: No permission to change device idle whitelist: uid 10204 does not have android.permission.CHANGE_DEVICE_IDLE_TEMP_WHITELIST.
04-17 13:11:07.852 18418 18456 E GmsContextWrapper: 	at android.os.Parcel.createException(Parcel.java:1951)
04-17 13:11:07.852 18418 18456 E GmsContextWrapper: 	at android.os.Parcel.readException(Parcel.java:1919)
04-17 13:11:07.852 18418 18456 E GmsContextWrapper: 	at android.os.Parcel.readException(Parcel.java:1869)
